[0.013s] Invoking command in '/home/hyper_engine/uros_ws/build/micro_ros_msgs': CMAKE_PREFIX_PATH=${CMAKE_PREFIX_PATH}:/home/hyper_engine/ros2_ws/install/my_lfr_controller:/home/hyper_engine/ros2_ws/install/car_description:/home/hyper_engine/ros2_ws/install/basic_car_description:/home/hyper_engine/ros2_ws/install/aero_car_description:/opt/ros/humble /usr/bin/cmake /home/hyper_engine/uros_ws/src/uros/micro_ros_msgs -DUAGENT_BUILD_EXECUTABLE=OFF -DUAGENT_P2P_PROFILE=OFF --no-warn-unused-cli -DCMAKE_INSTALL_PREFIX=/home/hyper_engine/uros_ws/install/micro_ros_msgs
[0.014s] Not searching for unused variables given on the command line.
[0.050s] -- The C compiler identification is GNU 11.4.0
[0.094s] -- The CXX compiler identification is GNU 11.4.0
[0.099s] -- Detecting C compiler ABI info
[0.152s] -- Detecting C compiler ABI info - done
[0.159s] -- Check for working C compiler: /usr/bin/cc - skipped
[0.159s] -- Detecting C compile features
[0.159s] -- Detecting C compile features - done
[0.162s] -- Detecting CXX compiler ABI info
[0.223s] -- Detecting CXX compiler ABI info - done
[0.230s] -- Check for working CXX compiler: /usr/bin/c++ - skipped
[0.230s] -- Detecting CXX compile features
[0.231s] -- Detecting CXX compile features - done
[0.233s] -- Found ament_cmake: 1.3.12 (/opt/ros/humble/share/ament_cmake/cmake)
[0.361s] -- Found Python3: /usr/bin/python3 (found version "3.10.12") found components: Interpreter 
[0.442s] -- Found rosidl_default_generators: 1.2.0 (/opt/ros/humble/share/rosidl_default_generators/cmake)
[0.447s] -- Using all available rosidl_typesupport_c: rosidl_typesupport_fastrtps_c;rosidl_typesupport_introspection_c
[0.454s] -- Found rosidl_adapter: 3.1.8 (/opt/ros/humble/share/rosidl_adapter/cmake)
[0.499s] -- Using all available rosidl_typesupport_cpp: rosidl_typesupport_fastrtps_cpp;rosidl_typesupport_introspection_cpp
[0.536s] -- Found ament_lint_auto: 0.12.14 (/opt/ros/humble/share/ament_lint_auto/cmake)
[0.774s] -- Found ament_cmake_ros: 0.10.0 (/opt/ros/humble/share/ament_cmake_ros/cmake)
[0.936s] -- Using all available rosidl_typesupport_c: rosidl_typesupport_fastrtps_c;rosidl_typesupport_introspection_c
[1.156s] -- Using all available rosidl_typesupport_cpp: rosidl_typesupport_fastrtps_cpp;rosidl_typesupport_introspection_cpp
[1.178s] -- Found PythonInterp: /usr/bin/python3 (found suitable version "3.10.12", minimum required is "3.6") 
[1.181s] -- Found python_cmake_module: 0.10.0 (/opt/ros/humble/share/python_cmake_module/cmake)
[1.207s] -- Found PythonLibs: /usr/lib/x86_64-linux-gnu/libpython3.10.so (found suitable version "3.10.12", minimum required is "3.5") 
[1.207s] -- Using PYTHON_EXECUTABLE: /usr/bin/python3
[1.207s] -- Using PYTHON_INCLUDE_DIRS: /usr/include/python3.10
[1.207s] -- Using PYTHON_LIBRARIES: /usr/lib/x86_64-linux-gnu/libpython3.10.so
[1.225s] -- Found PythonExtra: .so  
[1.256s] -- Added test 'copyright' to check source files copyright and LICENSE
[1.261s] -- Added test 'lint_cmake' to check CMake code style
[1.263s] -- Added test 'xmllint' to check XML markup files
[1.268s] -- Configuring done
[1.291s] -- Generating done
[1.299s] -- Build files have been written to: /home/hyper_engine/uros_ws/build/micro_ros_msgs
[1.306s] Invoked command in '/home/hyper_engine/uros_ws/build/micro_ros_msgs' returned '0': CMAKE_PREFIX_PATH=${CMAKE_PREFIX_PATH}:/home/hyper_engine/ros2_ws/install/my_lfr_controller:/home/hyper_engine/ros2_ws/install/car_description:/home/hyper_engine/ros2_ws/install/basic_car_description:/home/hyper_engine/ros2_ws/install/aero_car_description:/opt/ros/humble /usr/bin/cmake /home/hyper_engine/uros_ws/src/uros/micro_ros_msgs -DUAGENT_BUILD_EXECUTABLE=OFF -DUAGENT_P2P_PROFILE=OFF --no-warn-unused-cli -DCMAKE_INSTALL_PREFIX=/home/hyper_engine/uros_ws/install/micro_ros_msgs
[1.306s] Invoking command in '/home/hyper_engine/uros_ws/build/micro_ros_msgs': CMAKE_PREFIX_PATH=${CMAKE_PREFIX_PATH}:/home/hyper_engine/ros2_ws/install/my_lfr_controller:/home/hyper_engine/ros2_ws/install/car_description:/home/hyper_engine/ros2_ws/install/basic_car_description:/home/hyper_engine/ros2_ws/install/aero_car_description:/opt/ros/humble /usr/bin/cmake --build /home/hyper_engine/uros_ws/build/micro_ros_msgs -- -j8 -l8
[1.336s] [  2%] [34m[1mGenerating C code for ROS interfaces[0m
[1.345s] [  4%] [34m[1mGenerating C++ code for ROS interfaces[0m
[1.353s] [  4%] Built target ament_cmake_python_copy_micro_ros_msgs
[1.597s] running egg_info
[1.598s] creating micro_ros_msgs.egg-info
[1.598s] writing micro_ros_msgs.egg-info/PKG-INFO
[1.598s] writing dependency_links to micro_ros_msgs.egg-info/dependency_links.txt
[1.599s] writing top-level names to micro_ros_msgs.egg-info/top_level.txt
[1.599s] writing manifest file 'micro_ros_msgs.egg-info/SOURCES.txt'
[1.601s] reading manifest file 'micro_ros_msgs.egg-info/SOURCES.txt'
[1.601s] writing manifest file 'micro_ros_msgs.egg-info/SOURCES.txt'
[1.628s] [  4%] Built target ament_cmake_python_build_micro_ros_msgs_egg
[1.739s] [  4%] Built target micro_ros_msgs__cpp
[1.750s] [  8%] [34m[1mGenerating C++ type support for eProsima Fast-RTPS[0m
[1.750s] [  8%] [34m[1mGenerating C++ introspection for ROS interfaces[0m
[1.751s] [ 10%] [34m[1mGenerating C++ type support dispatch for ROS interfaces[0m
[1.814s] [ 14%] [32mBuilding C object CMakeFiles/micro_ros_msgs__rosidl_generator_c.dir/rosidl_generator_c/micro_ros_msgs/msg/detail/entity__functions.c.o[0m
[1.815s] [ 14%] [32mBuilding C object CMakeFiles/micro_ros_msgs__rosidl_generator_c.dir/rosidl_generator_c/micro_ros_msgs/msg/detail/node__functions.c.o[0m
[1.816s] [ 17%] [32mBuilding C object CMakeFiles/micro_ros_msgs__rosidl_generator_c.dir/rosidl_generator_c/micro_ros_msgs/msg/detail/graph__functions.c.o[0m
[1.881s] [ 19%] [32m[1mLinking C shared library libmicro_ros_msgs__rosidl_generator_c.so[0m
[1.914s] [ 19%] Built target micro_ros_msgs__rosidl_generator_c
[1.923s] [ 21%] [34m[1mGenerating C type support dispatch for ROS interfaces[0m
[1.925s] [ 23%] [34m[1mGenerating C introspection for ROS interfaces[0m
[1.925s] [ 25%] [34m[1mGenerating C type support for eProsima Fast-RTPS[0m
[2.124s] [ 29%] [32mBuilding CXX object CMakeFiles/micro_ros_msgs__rosidl_typesupport_cpp.dir/rosidl_typesupport_cpp/micro_ros_msgs/msg/entity__type_support.cpp.o[0m
[2.124s] [ 29%] [32mBuilding CXX object CMakeFiles/micro_ros_msgs__rosidl_typesupport_cpp.dir/rosidl_typesupport_cpp/micro_ros_msgs/msg/graph__type_support.cpp.o[0m
[2.124s] [ 31%] [32mBuilding CXX object CMakeFiles/micro_ros_msgs__rosidl_typesupport_cpp.dir/rosidl_typesupport_cpp/micro_ros_msgs/msg/node__type_support.cpp.o[0m
[2.415s] [ 34%] [32mBuilding CXX object CMakeFiles/micro_ros_msgs__rosidl_typesupport_introspection_cpp.dir/rosidl_typesupport_introspection_cpp/micro_ros_msgs/msg/detail/graph__type_support.cpp.o[0m
[2.514s] [ 36%] [32mBuilding CXX object CMakeFiles/micro_ros_msgs__rosidl_typesupport_fastrtps_cpp.dir/rosidl_typesupport_fastrtps_cpp/micro_ros_msgs/msg/detail/dds_fastrtps/graph__type_support.cpp.o[0m
[2.564s] [ 38%] [32mBuilding CXX object CMakeFiles/micro_ros_msgs__rosidl_typesupport_c.dir/rosidl_typesupport_c/micro_ros_msgs/msg/graph__type_support.cpp.o[0m
[2.580s] [ 40%] [32mBuilding CXX object CMakeFiles/micro_ros_msgs__rosidl_typesupport_fastrtps_c.dir/rosidl_typesupport_fastrtps_c/micro_ros_msgs/msg/detail/graph__type_support_c.cpp.o[0m
[2.618s] [ 42%] [32mBuilding CXX object CMakeFiles/micro_ros_msgs__rosidl_typesupport_c.dir/rosidl_typesupport_c/micro_ros_msgs/msg/node__type_support.cpp.o[0m
[2.618s] [ 44%] [32mBuilding CXX object CMakeFiles/micro_ros_msgs__rosidl_typesupport_fastrtps_cpp.dir/rosidl_typesupport_fastrtps_cpp/micro_ros_msgs/msg/detail/dds_fastrtps/node__type_support.cpp.o[0m
[2.623s] [ 46%] [32mBuilding CXX object CMakeFiles/micro_ros_msgs__rosidl_typesupport_introspection_cpp.dir/rosidl_typesupport_introspection_cpp/micro_ros_msgs/msg/detail/node__type_support.cpp.o[0m
[2.624s] [ 48%] [32m[1mLinking CXX shared library libmicro_ros_msgs__rosidl_typesupport_cpp.so[0m
[2.664s] [ 51%] [32mBuilding CXX object CMakeFiles/micro_ros_msgs__rosidl_typesupport_c.dir/rosidl_typesupport_c/micro_ros_msgs/msg/entity__type_support.cpp.o[0m
[2.687s] [ 53%] [32mBuilding C object CMakeFiles/micro_ros_msgs__rosidl_typesupport_introspection_c.dir/rosidl_typesupport_introspection_c/micro_ros_msgs/msg/detail/graph__type_support.c.o[0m
[2.687s] [ 53%] Built target micro_ros_msgs__rosidl_typesupport_cpp
[2.700s] [ 55%] [32mBuilding C object CMakeFiles/micro_ros_msgs__rosidl_typesupport_introspection_c.dir/rosidl_typesupport_introspection_c/micro_ros_msgs/msg/detail/node__type_support.c.o[0m
[2.709s] [ 57%] [32m[1mLinking CXX shared library libmicro_ros_msgs__rosidl_typesupport_c.so[0m
[2.740s] [ 59%] [32mBuilding CXX object CMakeFiles/micro_ros_msgs__rosidl_typesupport_introspection_cpp.dir/rosidl_typesupport_introspection_cpp/micro_ros_msgs/msg/detail/entity__type_support.cpp.o[0m
[2.765s] [ 61%] [32mBuilding C object CMakeFiles/micro_ros_msgs__rosidl_typesupport_introspection_c.dir/rosidl_typesupport_introspection_c/micro_ros_msgs/msg/detail/entity__type_support.c.o[0m
[2.775s] [ 61%] Built target micro_ros_msgs__rosidl_typesupport_c
[2.787s] [ 63%] [32mBuilding CXX object CMakeFiles/micro_ros_msgs__rosidl_typesupport_fastrtps_c.dir/rosidl_typesupport_fastrtps_c/micro_ros_msgs/msg/detail/node__type_support_c.cpp.o[0m
[2.818s] [ 65%] [32m[1mLinking C shared library libmicro_ros_msgs__rosidl_typesupport_introspection_c.so[0m
[2.872s] [ 65%] Built target micro_ros_msgs__rosidl_typesupport_introspection_c
[2.882s] [ 68%] [32mBuilding CXX object CMakeFiles/micro_ros_msgs__rosidl_typesupport_fastrtps_cpp.dir/rosidl_typesupport_fastrtps_cpp/micro_ros_msgs/msg/detail/dds_fastrtps/entity__type_support.cpp.o[0m
[3.196s] [ 70%] [32mBuilding CXX object CMakeFiles/micro_ros_msgs__rosidl_typesupport_fastrtps_c.dir/rosidl_typesupport_fastrtps_c/micro_ros_msgs/msg/detail/entity__type_support_c.cpp.o[0m
[3.437s] [ 72%] [32m[1mLinking CXX shared library libmicro_ros_msgs__rosidl_typesupport_introspection_cpp.so[0m
[3.523s] [ 72%] Built target micro_ros_msgs__rosidl_typesupport_introspection_cpp
[3.571s] [ 74%] [32m[1mLinking CXX shared library libmicro_ros_msgs__rosidl_typesupport_fastrtps_cpp.so[0m
[3.643s] [ 76%] [32m[1mLinking CXX shared library libmicro_ros_msgs__rosidl_typesupport_fastrtps_c.so[0m
[3.647s] [ 76%] Built target micro_ros_msgs__rosidl_typesupport_fastrtps_cpp
[3.705s] [ 76%] Built target micro_ros_msgs__rosidl_typesupport_fastrtps_c
[3.719s] [ 76%] Built target micro_ros_msgs
[3.734s] [ 78%] [34m[1mGenerating Python code for ROS interfaces[0m
[4.272s] [ 78%] Built target micro_ros_msgs__py
[4.288s] [ 85%] [32mBuilding C object CMakeFiles/micro_ros_msgs__rosidl_generator_py.dir/rosidl_generator_py/micro_ros_msgs/msg/_graph_s.c.o[0m
[4.288s] [ 85%] [32mBuilding C object CMakeFiles/micro_ros_msgs__rosidl_generator_py.dir/rosidl_generator_py/micro_ros_msgs/msg/_entity_s.c.o[0m
[4.288s] [ 85%] [32mBuilding C object CMakeFiles/micro_ros_msgs__rosidl_generator_py.dir/rosidl_generator_py/micro_ros_msgs/msg/_node_s.c.o[0m
[4.403s] [ 87%] [32m[1mLinking C shared library rosidl_generator_py/micro_ros_msgs/libmicro_ros_msgs__rosidl_generator_py.so[0m
[4.435s] [ 87%] Built target micro_ros_msgs__rosidl_generator_py
[4.458s] [ 93%] [32mBuilding C object CMakeFiles/micro_ros_msgs__rosidl_typesupport_fastrtps_c__pyext.dir/rosidl_generator_py/micro_ros_msgs/_micro_ros_msgs_s.ep.rosidl_typesupport_fastrtps_c.c.o[0m
[4.458s] [ 93%] [32mBuilding C object CMakeFiles/micro_ros_msgs__rosidl_typesupport_introspection_c__pyext.dir/rosidl_generator_py/micro_ros_msgs/_micro_ros_msgs_s.ep.rosidl_typesupport_introspection_c.c.o[0m
[4.458s] [ 93%] [32mBuilding C object CMakeFiles/micro_ros_msgs__rosidl_typesupport_c__pyext.dir/rosidl_generator_py/micro_ros_msgs/_micro_ros_msgs_s.ep.rosidl_typesupport_c.c.o[0m
[4.547s] [ 97%] [32m[1mLinking C shared library rosidl_generator_py/micro_ros_msgs/micro_ros_msgs_s__rosidl_typesupport_c.cpython-310-x86_64-linux-gnu.so[0m
[4.548s] [ 97%] [32m[1mLinking C shared library rosidl_generator_py/micro_ros_msgs/micro_ros_msgs_s__rosidl_typesupport_introspection_c.cpython-310-x86_64-linux-gnu.so[0m
[4.548s] [100%] [32m[1mLinking C shared library rosidl_generator_py/micro_ros_msgs/micro_ros_msgs_s__rosidl_typesupport_fastrtps_c.cpython-310-x86_64-linux-gnu.so[0m
[4.577s] [100%] Built target micro_ros_msgs__rosidl_typesupport_introspection_c__pyext
[4.578s] [100%] Built target micro_ros_msgs__rosidl_typesupport_c__pyext
[4.578s] [100%] Built target micro_ros_msgs__rosidl_typesupport_fastrtps_c__pyext
[4.587s] Invoked command in '/home/hyper_engine/uros_ws/build/micro_ros_msgs' returned '0': CMAKE_PREFIX_PATH=${CMAKE_PREFIX_PATH}:/home/hyper_engine/ros2_ws/install/my_lfr_controller:/home/hyper_engine/ros2_ws/install/car_description:/home/hyper_engine/ros2_ws/install/basic_car_description:/home/hyper_engine/ros2_ws/install/aero_car_description:/opt/ros/humble /usr/bin/cmake --build /home/hyper_engine/uros_ws/build/micro_ros_msgs -- -j8 -l8
[4.595s] Invoking command in '/home/hyper_engine/uros_ws/build/micro_ros_msgs': CMAKE_PREFIX_PATH=${CMAKE_PREFIX_PATH}:/home/hyper_engine/ros2_ws/install/my_lfr_controller:/home/hyper_engine/ros2_ws/install/car_description:/home/hyper_engine/ros2_ws/install/basic_car_description:/home/hyper_engine/ros2_ws/install/aero_car_description:/opt/ros/humble /usr/bin/cmake --install /home/hyper_engine/uros_ws/build/micro_ros_msgs
[4.600s] -- Install configuration: ""
[4.601s] -- Installing: /home/hyper_engine/uros_ws/install/micro_ros_msgs/share/ament_index/resource_index/rosidl_interfaces/micro_ros_msgs
[4.601s] -- Installing: /home/hyper_engine/uros_ws/install/micro_ros_msgs/include/micro_ros_msgs/micro_ros_msgs
[4.601s] -- Installing: /home/hyper_engine/uros_ws/install/micro_ros_msgs/include/micro_ros_msgs/micro_ros_msgs/msg
[4.601s] -- Installing: /home/hyper_engine/uros_ws/install/micro_ros_msgs/include/micro_ros_msgs/micro_ros_msgs/msg/entity.h
[4.601s] -- Installing: /home/hyper_engine/uros_ws/install/micro_ros_msgs/include/micro_ros_msgs/micro_ros_msgs/msg/rosidl_generator_c__visibility_control.h
[4.601s] -- Installing: /home/hyper_engine/uros_ws/install/micro_ros_msgs/include/micro_ros_msgs/micro_ros_msgs/msg/node.h
[4.601s] -- Installing: /home/hyper_engine/uros_ws/install/micro_ros_msgs/include/micro_ros_msgs/micro_ros_msgs/msg/graph.h
[4.601s] -- Installing: /home/hyper_engine/uros_ws/install/micro_ros_msgs/include/micro_ros_msgs/micro_ros_msgs/msg/detail
[4.601s] -- Installing: /home/hyper_engine/uros_ws/install/micro_ros_msgs/include/micro_ros_msgs/micro_ros_msgs/msg/detail/entity__functions.h
[4.601s] -- Installing: /home/hyper_engine/uros_ws/install/micro_ros_msgs/include/micro_ros_msgs/micro_ros_msgs/msg/detail/node__functions.h
[4.601s] -- Installing: /home/hyper_engine/uros_ws/install/micro_ros_msgs/include/micro_ros_msgs/micro_ros_msgs/msg/detail/entity__type_support.h
[4.601s] -- Installing: /home/hyper_engine/uros_ws/install/micro_ros_msgs/include/micro_ros_msgs/micro_ros_msgs/msg/detail/node__type_support.h
[4.601s] -- Installing: /home/hyper_engine/uros_ws/install/micro_ros_msgs/include/micro_ros_msgs/micro_ros_msgs/msg/detail/graph__functions.h
[4.602s] -- Installing: /home/hyper_engine/uros_ws/install/micro_ros_msgs/include/micro_ros_msgs/micro_ros_msgs/msg/detail/node__struct.h
[4.602s] -- Installing: /home/hyper_engine/uros_ws/install/micro_ros_msgs/include/micro_ros_msgs/micro_ros_msgs/msg/detail/graph__functions.c
[4.602s] -- Installing: /home/hyper_engine/uros_ws/install/micro_ros_msgs/include/micro_ros_msgs/micro_ros_msgs/msg/detail/graph__struct.h
[4.602s] -- Installing: /home/hyper_engine/uros_ws/install/micro_ros_msgs/include/micro_ros_msgs/micro_ros_msgs/msg/detail/entity__struct.h
[4.602s] -- Installing: /home/hyper_engine/uros_ws/install/micro_ros_msgs/include/micro_ros_msgs/micro_ros_msgs/msg/detail/entity__functions.c
[4.602s] -- Installing: /home/hyper_engine/uros_ws/install/micro_ros_msgs/include/micro_ros_msgs/micro_ros_msgs/msg/detail/node__functions.c
[4.602s] -- Installing: /home/hyper_engine/uros_ws/install/micro_ros_msgs/include/micro_ros_msgs/micro_ros_msgs/msg/detail/graph__type_support.h
[4.602s] -- Installing: /home/hyper_engine/uros_ws/install/micro_ros_msgs/share/micro_ros_msgs/environment/library_path.sh
[4.602s] -- Installing: /home/hyper_engine/uros_ws/install/micro_ros_msgs/share/micro_ros_msgs/environment/library_path.dsv
[4.602s] -- Installing: /home/hyper_engine/uros_ws/install/micro_ros_msgs/lib/libmicro_ros_msgs__rosidl_generator_c.so
[4.602s] -- Set runtime path of "/home/hyper_engine/uros_ws/install/micro_ros_msgs/lib/libmicro_ros_msgs__rosidl_generator_c.so" to ""
[4.602s] -- Up-to-date: /home/hyper_engine/uros_ws/install/micro_ros_msgs/include/micro_ros_msgs/micro_ros_msgs
[4.602s] -- Up-to-date: /home/hyper_engine/uros_ws/install/micro_ros_msgs/include/micro_ros_msgs/micro_ros_msgs/msg
[4.603s] -- Up-to-date: /home/hyper_engine/uros_ws/install/micro_ros_msgs/include/micro_ros_msgs/micro_ros_msgs/msg/detail
[4.603s] -- Installing: /home/hyper_engine/uros_ws/install/micro_ros_msgs/include/micro_ros_msgs/micro_ros_msgs/msg/detail/node__rosidl_typesupport_fastrtps_c.h
[4.603s] -- Installing: /home/hyper_engine/uros_ws/install/micro_ros_msgs/include/micro_ros_msgs/micro_ros_msgs/msg/detail/entity__rosidl_typesupport_fastrtps_c.h
[4.603s] -- Installing: /home/hyper_engine/uros_ws/install/micro_ros_msgs/include/micro_ros_msgs/micro_ros_msgs/msg/detail/graph__rosidl_typesupport_fastrtps_c.h
[4.603s] -- Installing: /home/hyper_engine/uros_ws/install/micro_ros_msgs/include/micro_ros_msgs/micro_ros_msgs/msg/rosidl_typesupport_fastrtps_c__visibility_control.h
[4.603s] -- Installing: /home/hyper_engine/uros_ws/install/micro_ros_msgs/lib/libmicro_ros_msgs__rosidl_typesupport_fastrtps_c.so
[4.603s] -- Set runtime path of "/home/hyper_engine/uros_ws/install/micro_ros_msgs/lib/libmicro_ros_msgs__rosidl_typesupport_fastrtps_c.so" to ""
[4.603s] -- Up-to-date: /home/hyper_engine/uros_ws/install/micro_ros_msgs/include/micro_ros_msgs/micro_ros_msgs
[4.603s] -- Up-to-date: /home/hyper_engine/uros_ws/install/micro_ros_msgs/include/micro_ros_msgs/micro_ros_msgs/msg
[4.603s] -- Up-to-date: /home/hyper_engine/uros_ws/install/micro_ros_msgs/include/micro_ros_msgs/micro_ros_msgs/msg/detail
[4.603s] -- Installing: /home/hyper_engine/uros_ws/install/micro_ros_msgs/include/micro_ros_msgs/micro_ros_msgs/msg/detail/entity__rosidl_typesupport_introspection_c.h
[4.603s] -- Installing: /home/hyper_engine/uros_ws/install/micro_ros_msgs/include/micro_ros_msgs/micro_ros_msgs/msg/detail/graph__type_support.c
[4.603s] -- Installing: /home/hyper_engine/uros_ws/install/micro_ros_msgs/include/micro_ros_msgs/micro_ros_msgs/msg/detail/entity__type_support.c
[4.603s] -- Installing: /home/hyper_engine/uros_ws/install/micro_ros_msgs/include/micro_ros_msgs/micro_ros_msgs/msg/detail/node__rosidl_typesupport_introspection_c.h
[4.603s] -- Installing: /home/hyper_engine/uros_ws/install/micro_ros_msgs/include/micro_ros_msgs/micro_ros_msgs/msg/detail/graph__rosidl_typesupport_introspection_c.h
[4.604s] -- Installing: /home/hyper_engine/uros_ws/install/micro_ros_msgs/include/micro_ros_msgs/micro_ros_msgs/msg/detail/node__type_support.c
[4.604s] -- Installing: /home/hyper_engine/uros_ws/install/micro_ros_msgs/include/micro_ros_msgs/micro_ros_msgs/msg/rosidl_typesupport_introspection_c__visibility_control.h
[4.604s] -- Installing: /home/hyper_engine/uros_ws/install/micro_ros_msgs/lib/libmicro_ros_msgs__rosidl_typesupport_introspection_c.so
[4.604s] -- Set runtime path of "/home/hyper_engine/uros_ws/install/micro_ros_msgs/lib/libmicro_ros_msgs__rosidl_typesupport_introspection_c.so" to ""
[4.604s] -- Installing: /home/hyper_engine/uros_ws/install/micro_ros_msgs/lib/libmicro_ros_msgs__rosidl_typesupport_c.so
[4.604s] -- Set runtime path of "/home/hyper_engine/uros_ws/install/micro_ros_msgs/lib/libmicro_ros_msgs__rosidl_typesupport_c.so" to ""
[4.604s] -- Up-to-date: /home/hyper_engine/uros_ws/install/micro_ros_msgs/include/micro_ros_msgs/micro_ros_msgs
[4.604s] -- Up-to-date: /home/hyper_engine/uros_ws/install/micro_ros_msgs/include/micro_ros_msgs/micro_ros_msgs/msg
[4.604s] -- Installing: /home/hyper_engine/uros_ws/install/micro_ros_msgs/include/micro_ros_msgs/micro_ros_msgs/msg/entity.hpp
[4.604s] -- Installing: /home/hyper_engine/uros_ws/install/micro_ros_msgs/include/micro_ros_msgs/micro_ros_msgs/msg/graph.hpp
[4.604s] -- Up-to-date: /home/hyper_engine/uros_ws/install/micro_ros_msgs/include/micro_ros_msgs/micro_ros_msgs/msg/detail
[4.604s] -- Installing: /home/hyper_engine/uros_ws/install/micro_ros_msgs/include/micro_ros_msgs/micro_ros_msgs/msg/detail/graph__builder.hpp
[4.604s] -- Installing: /home/hyper_engine/uros_ws/install/micro_ros_msgs/include/micro_ros_msgs/micro_ros_msgs/msg/detail/entity__struct.hpp
[4.605s] -- Installing: /home/hyper_engine/uros_ws/install/micro_ros_msgs/include/micro_ros_msgs/micro_ros_msgs/msg/detail/entity__builder.hpp
[4.605s] -- Installing: /home/hyper_engine/uros_ws/install/micro_ros_msgs/include/micro_ros_msgs/micro_ros_msgs/msg/detail/node__builder.hpp
[4.605s] -- Installing: /home/hyper_engine/uros_ws/install/micro_ros_msgs/include/micro_ros_msgs/micro_ros_msgs/msg/detail/node__struct.hpp
[4.605s] -- Installing: /home/hyper_engine/uros_ws/install/micro_ros_msgs/include/micro_ros_msgs/micro_ros_msgs/msg/detail/node__type_support.hpp
[4.605s] -- Installing: /home/hyper_engine/uros_ws/install/micro_ros_msgs/include/micro_ros_msgs/micro_ros_msgs/msg/detail/node__traits.hpp
[4.605s] -- Installing: /home/hyper_engine/uros_ws/install/micro_ros_msgs/include/micro_ros_msgs/micro_ros_msgs/msg/detail/entity__traits.hpp
[4.605s] -- Installing: /home/hyper_engine/uros_ws/install/micro_ros_msgs/include/micro_ros_msgs/micro_ros_msgs/msg/detail/graph__type_support.hpp
[4.605s] -- Installing: /home/hyper_engine/uros_ws/install/micro_ros_msgs/include/micro_ros_msgs/micro_ros_msgs/msg/detail/entity__type_support.hpp
[4.605s] -- Installing: /home/hyper_engine/uros_ws/install/micro_ros_msgs/include/micro_ros_msgs/micro_ros_msgs/msg/detail/graph__traits.hpp
[4.605s] -- Installing: /home/hyper_engine/uros_ws/install/micro_ros_msgs/include/micro_ros_msgs/micro_ros_msgs/msg/detail/graph__struct.hpp
[4.605s] -- Installing: /home/hyper_engine/uros_ws/install/micro_ros_msgs/include/micro_ros_msgs/micro_ros_msgs/msg/node.hpp
[4.605s] -- Installing: /home/hyper_engine/uros_ws/install/micro_ros_msgs/include/micro_ros_msgs/micro_ros_msgs/msg/rosidl_generator_cpp__visibility_control.hpp
[4.605s] -- Up-to-date: /home/hyper_engine/uros_ws/install/micro_ros_msgs/include/micro_ros_msgs/micro_ros_msgs
[4.605s] -- Up-to-date: /home/hyper_engine/uros_ws/install/micro_ros_msgs/include/micro_ros_msgs/micro_ros_msgs/msg
[4.605s] -- Up-to-date: /home/hyper_engine/uros_ws/install/micro_ros_msgs/include/micro_ros_msgs/micro_ros_msgs/msg/detail
[4.606s] -- Installing: /home/hyper_engine/uros_ws/install/micro_ros_msgs/include/micro_ros_msgs/micro_ros_msgs/msg/detail/graph__rosidl_typesupport_fastrtps_cpp.hpp
[4.606s] -- Installing: /home/hyper_engine/uros_ws/install/micro_ros_msgs/include/micro_ros_msgs/micro_ros_msgs/msg/detail/dds_fastrtps
[4.606s] -- Installing: /home/hyper_engine/uros_ws/install/micro_ros_msgs/include/micro_ros_msgs/micro_ros_msgs/msg/detail/node__rosidl_typesupport_fastrtps_cpp.hpp
[4.606s] -- Installing: /home/hyper_engine/uros_ws/install/micro_ros_msgs/include/micro_ros_msgs/micro_ros_msgs/msg/detail/entity__rosidl_typesupport_fastrtps_cpp.hpp
[4.606s] -- Installing: /home/hyper_engine/uros_ws/install/micro_ros_msgs/include/micro_ros_msgs/micro_ros_msgs/msg/rosidl_typesupport_fastrtps_cpp__visibility_control.h
[4.606s] -- Installing: /home/hyper_engine/uros_ws/install/micro_ros_msgs/lib/libmicro_ros_msgs__rosidl_typesupport_fastrtps_cpp.so
[4.606s] -- Set runtime path of "/home/hyper_engine/uros_ws/install/micro_ros_msgs/lib/libmicro_ros_msgs__rosidl_typesupport_fastrtps_cpp.so" to ""
[4.606s] -- Up-to-date: /home/hyper_engine/uros_ws/install/micro_ros_msgs/include/micro_ros_msgs/micro_ros_msgs
[4.606s] -- Up-to-date: /home/hyper_engine/uros_ws/install/micro_ros_msgs/include/micro_ros_msgs/micro_ros_msgs/msg
[4.606s] -- Up-to-date: /home/hyper_engine/uros_ws/install/micro_ros_msgs/include/micro_ros_msgs/micro_ros_msgs/msg/detail
[4.606s] -- Installing: /home/hyper_engine/uros_ws/install/micro_ros_msgs/include/micro_ros_msgs/micro_ros_msgs/msg/detail/node__rosidl_typesupport_introspection_cpp.hpp
[4.606s] -- Installing: /home/hyper_engine/uros_ws/install/micro_ros_msgs/include/micro_ros_msgs/micro_ros_msgs/msg/detail/entity__rosidl_typesupport_introspection_cpp.hpp
[4.606s] -- Installing: /home/hyper_engine/uros_ws/install/micro_ros_msgs/include/micro_ros_msgs/micro_ros_msgs/msg/detail/node__type_support.cpp
[4.606s] -- Installing: /home/hyper_engine/uros_ws/install/micro_ros_msgs/include/micro_ros_msgs/micro_ros_msgs/msg/detail/entity__type_support.cpp
[4.607s] -- Installing: /home/hyper_engine/uros_ws/install/micro_ros_msgs/include/micro_ros_msgs/micro_ros_msgs/msg/detail/graph__rosidl_typesupport_introspection_cpp.hpp
[4.607s] -- Installing: /home/hyper_engine/uros_ws/install/micro_ros_msgs/include/micro_ros_msgs/micro_ros_msgs/msg/detail/graph__type_support.cpp
[4.607s] -- Installing: /home/hyper_engine/uros_ws/install/micro_ros_msgs/lib/libmicro_ros_msgs__rosidl_typesupport_introspection_cpp.so
[4.607s] -- Set runtime path of "/home/hyper_engine/uros_ws/install/micro_ros_msgs/lib/libmicro_ros_msgs__rosidl_typesupport_introspection_cpp.so" to ""
[4.607s] -- Installing: /home/hyper_engine/uros_ws/install/micro_ros_msgs/lib/libmicro_ros_msgs__rosidl_typesupport_cpp.so
[4.607s] -- Set runtime path of "/home/hyper_engine/uros_ws/install/micro_ros_msgs/lib/libmicro_ros_msgs__rosidl_typesupport_cpp.so" to ""
[4.607s] -- Installing: /home/hyper_engine/uros_ws/install/micro_ros_msgs/share/micro_ros_msgs/environment/pythonpath.sh
[4.607s] -- Installing: /home/hyper_engine/uros_ws/install/micro_ros_msgs/share/micro_ros_msgs/environment/pythonpath.dsv
[4.607s] -- Installing: /home/hyper_engine/uros_ws/install/micro_ros_msgs/local/lib/python3.10/dist-packages/micro_ros_msgs-3.0.1-py3.10.egg-info
[4.607s] -- Installing: /home/hyper_engine/uros_ws/install/micro_ros_msgs/local/lib/python3.10/dist-packages/micro_ros_msgs-3.0.1-py3.10.egg-info/top_level.txt
[4.608s] -- Installing: /home/hyper_engine/uros_ws/install/micro_ros_msgs/local/lib/python3.10/dist-packages/micro_ros_msgs-3.0.1-py3.10.egg-info/SOURCES.txt
[4.608s] -- Installing: /home/hyper_engine/uros_ws/install/micro_ros_msgs/local/lib/python3.10/dist-packages/micro_ros_msgs-3.0.1-py3.10.egg-info/dependency_links.txt
[4.608s] -- Installing: /home/hyper_engine/uros_ws/install/micro_ros_msgs/local/lib/python3.10/dist-packages/micro_ros_msgs-3.0.1-py3.10.egg-info/PKG-INFO
[4.608s] -- Installing: /home/hyper_engine/uros_ws/install/micro_ros_msgs/local/lib/python3.10/dist-packages/micro_ros_msgs
[4.608s] -- Installing: /home/hyper_engine/uros_ws/install/micro_ros_msgs/local/lib/python3.10/dist-packages/micro_ros_msgs/libmicro_ros_msgs__rosidl_generator_py.so
[4.608s] -- Installing: /home/hyper_engine/uros_ws/install/micro_ros_msgs/local/lib/python3.10/dist-packages/micro_ros_msgs/_micro_ros_msgs_s.ep.rosidl_typesupport_c.c
[4.608s] -- Installing: /home/hyper_engine/uros_ws/install/micro_ros_msgs/local/lib/python3.10/dist-packages/micro_ros_msgs/micro_ros_msgs_s__rosidl_typesupport_fastrtps_c.cpython-310-x86_64-linux-gnu.so
[4.608s] -- Installing: /home/hyper_engine/uros_ws/install/micro_ros_msgs/local/lib/python3.10/dist-packages/micro_ros_msgs/micro_ros_msgs_s__rosidl_typesupport_introspection_c.cpython-310-x86_64-linux-gnu.so
[4.608s] -- Installing: /home/hyper_engine/uros_ws/install/micro_ros_msgs/local/lib/python3.10/dist-packages/micro_ros_msgs/msg
[4.608s] -- Installing: /home/hyper_engine/uros_ws/install/micro_ros_msgs/local/lib/python3.10/dist-packages/micro_ros_msgs/msg/_graph_s.c
[4.608s] -- Installing: /home/hyper_engine/uros_ws/install/micro_ros_msgs/local/lib/python3.10/dist-packages/micro_ros_msgs/msg/_graph.py
[4.608s] -- Installing: /home/hyper_engine/uros_ws/install/micro_ros_msgs/local/lib/python3.10/dist-packages/micro_ros_msgs/msg/_node_s.c
[4.608s] -- Installing: /home/hyper_engine/uros_ws/install/micro_ros_msgs/local/lib/python3.10/dist-packages/micro_ros_msgs/msg/_entity_s.c
[4.608s] -- Installing: /home/hyper_engine/uros_ws/install/micro_ros_msgs/local/lib/python3.10/dist-packages/micro_ros_msgs/msg/_entity.py
[4.609s] -- Installing: /home/hyper_engine/uros_ws/install/micro_ros_msgs/local/lib/python3.10/dist-packages/micro_ros_msgs/msg/_node.py
[4.609s] -- Installing: /home/hyper_engine/uros_ws/install/micro_ros_msgs/local/lib/python3.10/dist-packages/micro_ros_msgs/msg/__init__.py
[4.609s] -- Installing: /home/hyper_engine/uros_ws/install/micro_ros_msgs/local/lib/python3.10/dist-packages/micro_ros_msgs/_micro_ros_msgs_s.ep.rosidl_typesupport_introspection_c.c
[4.609s] -- Installing: /home/hyper_engine/uros_ws/install/micro_ros_msgs/local/lib/python3.10/dist-packages/micro_ros_msgs/_micro_ros_msgs_s.ep.rosidl_typesupport_fastrtps_c.c
[4.609s] -- Installing: /home/hyper_engine/uros_ws/install/micro_ros_msgs/local/lib/python3.10/dist-packages/micro_ros_msgs/micro_ros_msgs_s__rosidl_typesupport_c.cpython-310-x86_64-linux-gnu.so
[4.609s] -- Installing: /home/hyper_engine/uros_ws/install/micro_ros_msgs/local/lib/python3.10/dist-packages/micro_ros_msgs/__init__.py
[4.642s] Listing '/home/hyper_engine/uros_ws/install/micro_ros_msgs/local/lib/python3.10/dist-packages/micro_ros_msgs'...
[4.642s] Compiling '/home/hyper_engine/uros_ws/install/micro_ros_msgs/local/lib/python3.10/dist-packages/micro_ros_msgs/__init__.py'...
[4.642s] Listing '/home/hyper_engine/uros_ws/install/micro_ros_msgs/local/lib/python3.10/dist-packages/micro_ros_msgs/msg'...
[4.642s] Compiling '/home/hyper_engine/uros_ws/install/micro_ros_msgs/local/lib/python3.10/dist-packages/micro_ros_msgs/msg/__init__.py'...
[4.642s] Compiling '/home/hyper_engine/uros_ws/install/micro_ros_msgs/local/lib/python3.10/dist-packages/micro_ros_msgs/msg/_entity.py'...
[4.642s] Compiling '/home/hyper_engine/uros_ws/install/micro_ros_msgs/local/lib/python3.10/dist-packages/micro_ros_msgs/msg/_graph.py'...
[4.642s] Compiling '/home/hyper_engine/uros_ws/install/micro_ros_msgs/local/lib/python3.10/dist-packages/micro_ros_msgs/msg/_node.py'...
[4.646s] -- Installing: /home/hyper_engine/uros_ws/install/micro_ros_msgs/local/lib/python3.10/dist-packages/micro_ros_msgs/micro_ros_msgs_s__rosidl_typesupport_fastrtps_c.cpython-310-x86_64-linux-gnu.so
[4.647s] -- Set runtime path of "/home/hyper_engine/uros_ws/install/micro_ros_msgs/local/lib/python3.10/dist-packages/micro_ros_msgs/micro_ros_msgs_s__rosidl_typesupport_fastrtps_c.cpython-310-x86_64-linux-gnu.so" to ""
[4.647s] -- Installing: /home/hyper_engine/uros_ws/install/micro_ros_msgs/local/lib/python3.10/dist-packages/micro_ros_msgs/micro_ros_msgs_s__rosidl_typesupport_introspection_c.cpython-310-x86_64-linux-gnu.so
[4.647s] -- Set runtime path of "/home/hyper_engine/uros_ws/install/micro_ros_msgs/local/lib/python3.10/dist-packages/micro_ros_msgs/micro_ros_msgs_s__rosidl_typesupport_introspection_c.cpython-310-x86_64-linux-gnu.so" to ""
[4.647s] -- Installing: /home/hyper_engine/uros_ws/install/micro_ros_msgs/local/lib/python3.10/dist-packages/micro_ros_msgs/micro_ros_msgs_s__rosidl_typesupport_c.cpython-310-x86_64-linux-gnu.so
[4.647s] -- Set runtime path of "/home/hyper_engine/uros_ws/install/micro_ros_msgs/local/lib/python3.10/dist-packages/micro_ros_msgs/micro_ros_msgs_s__rosidl_typesupport_c.cpython-310-x86_64-linux-gnu.so" to ""
[4.647s] -- Installing: /home/hyper_engine/uros_ws/install/micro_ros_msgs/lib/libmicro_ros_msgs__rosidl_generator_py.so
[4.647s] -- Set runtime path of "/home/hyper_engine/uros_ws/install/micro_ros_msgs/lib/libmicro_ros_msgs__rosidl_generator_py.so" to ""
[4.648s] -- Installing: /home/hyper_engine/uros_ws/install/micro_ros_msgs/share/micro_ros_msgs/msg/Graph.idl
[4.648s] -- Installing: /home/hyper_engine/uros_ws/install/micro_ros_msgs/share/micro_ros_msgs/msg/Node.idl
[4.648s] -- Installing: /home/hyper_engine/uros_ws/install/micro_ros_msgs/share/micro_ros_msgs/msg/Entity.idl
[4.648s] -- Installing: /home/hyper_engine/uros_ws/install/micro_ros_msgs/share/micro_ros_msgs/msg/Graph.msg
[4.648s] -- Installing: /home/hyper_engine/uros_ws/install/micro_ros_msgs/share/micro_ros_msgs/msg/Node.msg
[4.648s] -- Installing: /home/hyper_engine/uros_ws/install/micro_ros_msgs/share/micro_ros_msgs/msg/Entity.msg
[4.648s] -- Installing: /home/hyper_engine/uros_ws/install/micro_ros_msgs/share/ament_index/resource_index/package_run_dependencies/micro_ros_msgs
[4.648s] -- Installing: /home/hyper_engine/uros_ws/install/micro_ros_msgs/share/ament_index/resource_index/parent_prefix_path/micro_ros_msgs
[4.649s] -- Installing: /home/hyper_engine/uros_ws/install/micro_ros_msgs/share/micro_ros_msgs/environment/ament_prefix_path.sh
[4.649s] -- Installing: /home/hyper_engine/uros_ws/install/micro_ros_msgs/share/micro_ros_msgs/environment/ament_prefix_path.dsv
[4.649s] -- Installing: /home/hyper_engine/uros_ws/install/micro_ros_msgs/share/micro_ros_msgs/environment/path.sh
[4.649s] -- Installing: /home/hyper_engine/uros_ws/install/micro_ros_msgs/share/micro_ros_msgs/environment/path.dsv
[4.649s] -- Installing: /home/hyper_engine/uros_ws/install/micro_ros_msgs/share/micro_ros_msgs/local_setup.bash
[4.649s] -- Installing: /home/hyper_engine/uros_ws/install/micro_ros_msgs/share/micro_ros_msgs/local_setup.sh
[4.649s] -- Installing: /home/hyper_engine/uros_ws/install/micro_ros_msgs/share/micro_ros_msgs/local_setup.zsh
[4.649s] -- Installing: /home/hyper_engine/uros_ws/install/micro_ros_msgs/share/micro_ros_msgs/local_setup.dsv
[4.649s] -- Installing: /home/hyper_engine/uros_ws/install/micro_ros_msgs/share/micro_ros_msgs/package.dsv
[4.649s] -- Installing: /home/hyper_engine/uros_ws/install/micro_ros_msgs/share/ament_index/resource_index/packages/micro_ros_msgs
[4.650s] -- Installing: /home/hyper_engine/uros_ws/install/micro_ros_msgs/share/micro_ros_msgs/cmake/export_micro_ros_msgs__rosidl_generator_cExport.cmake
[4.650s] -- Installing: /home/hyper_engine/uros_ws/install/micro_ros_msgs/share/micro_ros_msgs/cmake/export_micro_ros_msgs__rosidl_generator_cExport-noconfig.cmake
[4.650s] -- Installing: /home/hyper_engine/uros_ws/install/micro_ros_msgs/share/micro_ros_msgs/cmake/export_micro_ros_msgs__rosidl_typesupport_fastrtps_cExport.cmake
[4.650s] -- Installing: /home/hyper_engine/uros_ws/install/micro_ros_msgs/share/micro_ros_msgs/cmake/export_micro_ros_msgs__rosidl_typesupport_fastrtps_cExport-noconfig.cmake
[4.650s] -- Installing: /home/hyper_engine/uros_ws/install/micro_ros_msgs/share/micro_ros_msgs/cmake/micro_ros_msgs__rosidl_typesupport_introspection_cExport.cmake
[4.650s] -- Installing: /home/hyper_engine/uros_ws/install/micro_ros_msgs/share/micro_ros_msgs/cmake/micro_ros_msgs__rosidl_typesupport_introspection_cExport-noconfig.cmake
[4.650s] -- Installing: /home/hyper_engine/uros_ws/install/micro_ros_msgs/share/micro_ros_msgs/cmake/micro_ros_msgs__rosidl_typesupport_cExport.cmake
[4.650s] -- Installing: /home/hyper_engine/uros_ws/install/micro_ros_msgs/share/micro_ros_msgs/cmake/micro_ros_msgs__rosidl_typesupport_cExport-noconfig.cmake
[4.650s] -- Installing: /home/hyper_engine/uros_ws/install/micro_ros_msgs/share/micro_ros_msgs/cmake/export_micro_ros_msgs__rosidl_generator_cppExport.cmake
[4.651s] -- Installing: /home/hyper_engine/uros_ws/install/micro_ros_msgs/share/micro_ros_msgs/cmake/export_micro_ros_msgs__rosidl_typesupport_fastrtps_cppExport.cmake
[4.651s] -- Installing: /home/hyper_engine/uros_ws/install/micro_ros_msgs/share/micro_ros_msgs/cmake/export_micro_ros_msgs__rosidl_typesupport_fastrtps_cppExport-noconfig.cmake
[4.651s] -- Installing: /home/hyper_engine/uros_ws/install/micro_ros_msgs/share/micro_ros_msgs/cmake/micro_ros_msgs__rosidl_typesupport_introspection_cppExport.cmake
[4.651s] -- Installing: /home/hyper_engine/uros_ws/install/micro_ros_msgs/share/micro_ros_msgs/cmake/micro_ros_msgs__rosidl_typesupport_introspection_cppExport-noconfig.cmake
[4.651s] -- Installing: /home/hyper_engine/uros_ws/install/micro_ros_msgs/share/micro_ros_msgs/cmake/micro_ros_msgs__rosidl_typesupport_cppExport.cmake
[4.651s] -- Installing: /home/hyper_engine/uros_ws/install/micro_ros_msgs/share/micro_ros_msgs/cmake/micro_ros_msgs__rosidl_typesupport_cppExport-noconfig.cmake
[4.651s] -- Installing: /home/hyper_engine/uros_ws/install/micro_ros_msgs/share/micro_ros_msgs/cmake/export_micro_ros_msgs__rosidl_generator_pyExport.cmake
[4.651s] -- Installing: /home/hyper_engine/uros_ws/install/micro_ros_msgs/share/micro_ros_msgs/cmake/export_micro_ros_msgs__rosidl_generator_pyExport-noconfig.cmake
[4.651s] -- Installing: /home/hyper_engine/uros_ws/install/micro_ros_msgs/share/micro_ros_msgs/cmake/rosidl_cmake-extras.cmake
[4.652s] -- Installing: /home/hyper_engine/uros_ws/install/micro_ros_msgs/share/micro_ros_msgs/cmake/ament_cmake_export_include_directories-extras.cmake
[4.652s] -- Installing: /home/hyper_engine/uros_ws/install/micro_ros_msgs/share/micro_ros_msgs/cmake/ament_cmake_export_libraries-extras.cmake
[4.652s] -- Installing: /home/hyper_engine/uros_ws/install/micro_ros_msgs/share/micro_ros_msgs/cmake/ament_cmake_export_targets-extras.cmake
[4.652s] -- Installing: /home/hyper_engine/uros_ws/install/micro_ros_msgs/share/micro_ros_msgs/cmake/rosidl_cmake_export_typesupport_targets-extras.cmake
[4.652s] -- Installing: /home/hyper_engine/uros_ws/install/micro_ros_msgs/share/micro_ros_msgs/cmake/ament_cmake_export_dependencies-extras.cmake
[4.652s] -- Installing: /home/hyper_engine/uros_ws/install/micro_ros_msgs/share/micro_ros_msgs/cmake/rosidl_cmake_export_typesupport_libraries-extras.cmake
[4.652s] -- Installing: /home/hyper_engine/uros_ws/install/micro_ros_msgs/share/micro_ros_msgs/cmake/micro_ros_msgsConfig.cmake
[4.652s] -- Installing: /home/hyper_engine/uros_ws/install/micro_ros_msgs/share/micro_ros_msgs/cmake/micro_ros_msgsConfig-version.cmake
[4.652s] -- Installing: /home/hyper_engine/uros_ws/install/micro_ros_msgs/share/micro_ros_msgs/package.xml
[4.655s] Invoked command in '/home/hyper_engine/uros_ws/build/micro_ros_msgs' returned '0': CMAKE_PREFIX_PATH=${CMAKE_PREFIX_PATH}:/home/hyper_engine/ros2_ws/install/my_lfr_controller:/home/hyper_engine/ros2_ws/install/car_description:/home/hyper_engine/ros2_ws/install/basic_car_description:/home/hyper_engine/ros2_ws/install/aero_car_description:/opt/ros/humble /usr/bin/cmake --install /home/hyper_engine/uros_ws/build/micro_ros_msgs
