[0.090s] DEBUG:colcon:Command line arguments: ['/usr/bin/colcon', 'build', '--packages-up-to', 'micro_ros_agent', '--cmake-args', '-DUAGENT_BUILD_EXECUTABLE=OFF', '-DUAGENT_P2P_PROFILE=OFF', '--no-warn-unused-cli']
[0.090s] DEBUG:colcon:Parsed command line arguments: Namespace(log_base=None, log_level=None, verb_name='build', build_base='build', install_base='install', merge_install=False, symlink_install=False, test_result_base=None, continue_on_error=False, executor='parallel', parallel_workers=8, event_handlers=None, ignore_user_meta=False, metas=['./colcon.meta'], base_paths=['.'], packages_ignore=None, packages_ignore_regex=None, paths=None, packages_up_to=['micro_ros_agent'], packages_up_to_regex=None, packages_above=None, packages_above_and_dependencies=None, packages_above_depth=None, packages_select_by_dep=None, packages_skip_by_dep=None, packages_skip_up_to=None, packages_select_build_failed=False, packages_skip_build_finished=False, packages_select_test_failures=False, packages_skip_test_passed=False, packages_select=None, packages_skip=None, packages_select_regex=None, packages_skip_regex=None, packages_start=None, packages_end=None, allow_overriding=[], cmake_args=['-DUAGENT_BUILD_EXECUTABLE=OFF', '-DUAGENT_P2P_PROFILE=OFF', '--no-warn-unused-cli'], cmake_target=None, cmake_target_skip_unavailable=False, cmake_clean_cache=False, cmake_clean_first=False, cmake_force_configure=False, ament_cmake_args=None, catkin_cmake_args=None, catkin_skip_building_tests=False, verb_parser=<colcon_defaults.argument_parser.defaults.DefaultArgumentsDecorator object at 0x7c7ef823d150>, verb_extension=<colcon_core.verb.build.BuildVerb object at 0x7c7ef823cc10>, main=<bound method BuildVerb.main of <colcon_core.verb.build.BuildVerb object at 0x7c7ef823cc10>>)
[0.230s] Level 1:colcon.colcon_core.package_discovery:discover_packages(colcon_meta) check parameters
[0.230s] Level 1:colcon.colcon_core.package_discovery:discover_packages(recursive) check parameters
[0.230s] Level 1:colcon.colcon_core.package_discovery:discover_packages(ignore) check parameters
[0.230s] Level 1:colcon.colcon_core.package_discovery:discover_packages(path) check parameters
[0.230s] Level 1:colcon.colcon_core.package_discovery:discover_packages(colcon_meta) discover
[0.230s] Level 1:colcon.colcon_core.package_discovery:discover_packages(recursive) discover
[0.230s] INFO:colcon.colcon_core.package_discovery:Crawling recursively for packages in '/home/hyper_engine/uros_ws'
[0.230s] Level 1:colcon.colcon_core.package_identification:_identify(.) by extensions ['ignore', 'ignore_ament_install']
[0.230s] Level 1:colcon.colcon_core.package_identification:_identify(.) by extension 'ignore'
[0.230s] Level 1:colcon.colcon_core.package_identification:_identify(.) by extension 'ignore_ament_install'
[0.230s] Level 1:colcon.colcon_core.package_identification:_identify(.) by extensions ['colcon_pkg']
[0.230s] Level 1:colcon.colcon_core.package_identification:_identify(.) by extension 'colcon_pkg'
[0.230s] Level 1:colcon.colcon_core.package_identification:_identify(.) by extensions ['colcon_meta']
[0.230s] Level 1:colcon.colcon_core.package_identification:_identify(.) by extension 'colcon_meta'
[0.230s] Level 1:colcon.colcon_core.package_identification:_identify(.) by extensions ['ros']
[0.230s] Level 1:colcon.colcon_core.package_identification:_identify(.) by extension 'ros'
[0.239s] Level 1:colcon.colcon_core.package_identification:_identify(.) by extensions ['cmake', 'python']
[0.239s] Level 1:colcon.colcon_core.package_identification:_identify(.) by extension 'cmake'
[0.239s] Level 1:colcon.colcon_core.package_identification:_identify(.) by extension 'python'
[0.239s] Level 1:colcon.colcon_core.package_identification:_identify(.) by extensions ['python_setup_py']
[0.239s] Level 1:colcon.colcon_core.package_identification:_identify(.) by extension 'python_setup_py'
[0.240s] Level 1:colcon.colcon_core.package_identification:_identify(build) by extensions ['ignore', 'ignore_ament_install']
[0.240s] Level 1:colcon.colcon_core.package_identification:_identify(build) by extension 'ignore'
[0.240s] Level 1:colcon.colcon_core.package_identification:_identify(build) ignored
[0.240s] Level 1:colcon.colcon_core.package_identification:_identify(install) by extensions ['ignore', 'ignore_ament_install']
[0.240s] Level 1:colcon.colcon_core.package_identification:_identify(install) by extension 'ignore'
[0.240s] Level 1:colcon.colcon_core.package_identification:_identify(install) ignored
[0.240s] Level 1:colcon.colcon_core.package_identification:_identify(log) by extensions ['ignore', 'ignore_ament_install']
[0.240s] Level 1:colcon.colcon_core.package_identification:_identify(log) by extension 'ignore'
[0.240s] Level 1:colcon.colcon_core.package_identification:_identify(log) ignored
[0.240s] Level 1:colcon.colcon_core.package_identification:_identify(src) by extensions ['ignore', 'ignore_ament_install']
[0.240s] Level 1:colcon.colcon_core.package_identification:_identify(src) by extension 'ignore'
[0.240s] Level 1:colcon.colcon_core.package_identification:_identify(src) by extension 'ignore_ament_install'
[0.240s] Level 1:colcon.colcon_core.package_identification:_identify(src) by extensions ['colcon_pkg']
[0.240s] Level 1:colcon.colcon_core.package_identification:_identify(src) by extension 'colcon_pkg'
[0.240s] Level 1:colcon.colcon_core.package_identification:_identify(src) by extensions ['colcon_meta']
[0.240s] Level 1:colcon.colcon_core.package_identification:_identify(src) by extension 'colcon_meta'
[0.240s] Level 1:colcon.colcon_core.package_identification:_identify(src) by extensions ['ros']
[0.240s] Level 1:colcon.colcon_core.package_identification:_identify(src) by extension 'ros'
[0.241s] Level 1:colcon.colcon_core.package_identification:_identify(src) by extensions ['cmake', 'python']
[0.241s] Level 1:colcon.colcon_core.package_identification:_identify(src) by extension 'cmake'
[0.241s] Level 1:colcon.colcon_core.package_identification:_identify(src) by extension 'python'
[0.241s] Level 1:colcon.colcon_core.package_identification:_identify(src) by extensions ['python_setup_py']
[0.241s] Level 1:colcon.colcon_core.package_identification:_identify(src) by extension 'python_setup_py'
[0.241s] Level 1:colcon.colcon_core.package_identification:_identify(src/micro_ros_setup) by extensions ['ignore', 'ignore_ament_install']
[0.241s] Level 1:colcon.colcon_core.package_identification:_identify(src/micro_ros_setup) by extension 'ignore'
[0.241s] Level 1:colcon.colcon_core.package_identification:_identify(src/micro_ros_setup) by extension 'ignore_ament_install'
[0.241s] Level 1:colcon.colcon_core.package_identification:_identify(src/micro_ros_setup) by extensions ['colcon_pkg']
[0.241s] Level 1:colcon.colcon_core.package_identification:_identify(src/micro_ros_setup) by extension 'colcon_pkg'
[0.241s] Level 1:colcon.colcon_core.package_identification:_identify(src/micro_ros_setup) by extensions ['colcon_meta']
[0.241s] Level 1:colcon.colcon_core.package_identification:_identify(src/micro_ros_setup) by extension 'colcon_meta'
[0.241s] Level 1:colcon.colcon_core.package_identification:_identify(src/micro_ros_setup) by extensions ['ros']
[0.241s] Level 1:colcon.colcon_core.package_identification:_identify(src/micro_ros_setup) by extension 'ros'
[0.243s] DEBUG:colcon.colcon_core.package_identification:Package 'src/micro_ros_setup' with type 'ros.ament_cmake' and name 'micro_ros_setup'
[0.243s] Level 1:colcon.colcon_core.package_identification:_identify(src/uros) by extensions ['ignore', 'ignore_ament_install']
[0.243s] Level 1:colcon.colcon_core.package_identification:_identify(src/uros) by extension 'ignore'
[0.243s] Level 1:colcon.colcon_core.package_identification:_identify(src/uros) by extension 'ignore_ament_install'
[0.243s] Level 1:colcon.colcon_core.package_identification:_identify(src/uros) by extensions ['colcon_pkg']
[0.243s] Level 1:colcon.colcon_core.package_identification:_identify(src/uros) by extension 'colcon_pkg'
[0.243s] Level 1:colcon.colcon_core.package_identification:_identify(src/uros) by extensions ['colcon_meta']
[0.243s] Level 1:colcon.colcon_core.package_identification:_identify(src/uros) by extension 'colcon_meta'
[0.244s] Level 1:colcon.colcon_core.package_identification:_identify(src/uros) by extensions ['ros']
[0.244s] Level 1:colcon.colcon_core.package_identification:_identify(src/uros) by extension 'ros'
[0.244s] Level 1:colcon.colcon_core.package_identification:_identify(src/uros) by extensions ['cmake', 'python']
[0.244s] Level 1:colcon.colcon_core.package_identification:_identify(src/uros) by extension 'cmake'
[0.244s] Level 1:colcon.colcon_core.package_identification:_identify(src/uros) by extension 'python'
[0.244s] Level 1:colcon.colcon_core.package_identification:_identify(src/uros) by extensions ['python_setup_py']
[0.244s] Level 1:colcon.colcon_core.package_identification:_identify(src/uros) by extension 'python_setup_py'
[0.244s] Level 1:colcon.colcon_core.package_identification:_identify(src/uros/micro-ROS-Agent) by extensions ['ignore', 'ignore_ament_install']
[0.244s] Level 1:colcon.colcon_core.package_identification:_identify(src/uros/micro-ROS-Agent) by extension 'ignore'
[0.244s] Level 1:colcon.colcon_core.package_identification:_identify(src/uros/micro-ROS-Agent) by extension 'ignore_ament_install'
[0.244s] Level 1:colcon.colcon_core.package_identification:_identify(src/uros/micro-ROS-Agent) by extensions ['colcon_pkg']
[0.244s] Level 1:colcon.colcon_core.package_identification:_identify(src/uros/micro-ROS-Agent) by extension 'colcon_pkg'
[0.244s] Level 1:colcon.colcon_core.package_identification:_identify(src/uros/micro-ROS-Agent) by extensions ['colcon_meta']
[0.244s] Level 1:colcon.colcon_core.package_identification:_identify(src/uros/micro-ROS-Agent) by extension 'colcon_meta'
[0.244s] Level 1:colcon.colcon_core.package_identification:_identify(src/uros/micro-ROS-Agent) by extensions ['ros']
[0.244s] Level 1:colcon.colcon_core.package_identification:_identify(src/uros/micro-ROS-Agent) by extension 'ros'
[0.244s] Level 1:colcon.colcon_core.package_identification:_identify(src/uros/micro-ROS-Agent) by extensions ['cmake', 'python']
[0.244s] Level 1:colcon.colcon_core.package_identification:_identify(src/uros/micro-ROS-Agent) by extension 'cmake'
[0.244s] Level 1:colcon.colcon_core.package_identification:_identify(src/uros/micro-ROS-Agent) by extension 'python'
[0.244s] Level 1:colcon.colcon_core.package_identification:_identify(src/uros/micro-ROS-Agent) by extensions ['python_setup_py']
[0.244s] Level 1:colcon.colcon_core.package_identification:_identify(src/uros/micro-ROS-Agent) by extension 'python_setup_py'
[0.244s] Level 1:colcon.colcon_core.package_identification:_identify(src/uros/micro-ROS-Agent/micro_ros_agent) by extensions ['ignore', 'ignore_ament_install']
[0.245s] Level 1:colcon.colcon_core.package_identification:_identify(src/uros/micro-ROS-Agent/micro_ros_agent) by extension 'ignore'
[0.245s] Level 1:colcon.colcon_core.package_identification:_identify(src/uros/micro-ROS-Agent/micro_ros_agent) by extension 'ignore_ament_install'
[0.245s] Level 1:colcon.colcon_core.package_identification:_identify(src/uros/micro-ROS-Agent/micro_ros_agent) by extensions ['colcon_pkg']
[0.245s] Level 1:colcon.colcon_core.package_identification:_identify(src/uros/micro-ROS-Agent/micro_ros_agent) by extension 'colcon_pkg'
[0.245s] Level 1:colcon.colcon_core.package_identification:_identify(src/uros/micro-ROS-Agent/micro_ros_agent) by extensions ['colcon_meta']
[0.245s] Level 1:colcon.colcon_core.package_identification:_identify(src/uros/micro-ROS-Agent/micro_ros_agent) by extension 'colcon_meta'
[0.245s] Level 1:colcon.colcon_core.package_identification:_identify(src/uros/micro-ROS-Agent/micro_ros_agent) by extensions ['ros']
[0.245s] Level 1:colcon.colcon_core.package_identification:_identify(src/uros/micro-ROS-Agent/micro_ros_agent) by extension 'ros'
[0.246s] DEBUG:colcon.colcon_core.package_identification:Package 'src/uros/micro-ROS-Agent/micro_ros_agent' with type 'ros.ament_cmake' and name 'micro_ros_agent'
[0.246s] Level 1:colcon.colcon_core.package_identification:_identify(src/uros/micro-ROS-Agent/snap) by extensions ['ignore', 'ignore_ament_install']
[0.246s] Level 1:colcon.colcon_core.package_identification:_identify(src/uros/micro-ROS-Agent/snap) by extension 'ignore'
[0.246s] Level 1:colcon.colcon_core.package_identification:_identify(src/uros/micro-ROS-Agent/snap) by extension 'ignore_ament_install'
[0.246s] Level 1:colcon.colcon_core.package_identification:_identify(src/uros/micro-ROS-Agent/snap) by extensions ['colcon_pkg']
[0.246s] Level 1:colcon.colcon_core.package_identification:_identify(src/uros/micro-ROS-Agent/snap) by extension 'colcon_pkg'
[0.246s] Level 1:colcon.colcon_core.package_identification:_identify(src/uros/micro-ROS-Agent/snap) by extensions ['colcon_meta']
[0.246s] Level 1:colcon.colcon_core.package_identification:_identify(src/uros/micro-ROS-Agent/snap) by extension 'colcon_meta'
[0.246s] Level 1:colcon.colcon_core.package_identification:_identify(src/uros/micro-ROS-Agent/snap) by extensions ['ros']
[0.246s] Level 1:colcon.colcon_core.package_identification:_identify(src/uros/micro-ROS-Agent/snap) by extension 'ros'
[0.246s] Level 1:colcon.colcon_core.package_identification:_identify(src/uros/micro-ROS-Agent/snap) by extensions ['cmake', 'python']
[0.246s] Level 1:colcon.colcon_core.package_identification:_identify(src/uros/micro-ROS-Agent/snap) by extension 'cmake'
[0.246s] Level 1:colcon.colcon_core.package_identification:_identify(src/uros/micro-ROS-Agent/snap) by extension 'python'
[0.246s] Level 1:colcon.colcon_core.package_identification:_identify(src/uros/micro-ROS-Agent/snap) by extensions ['python_setup_py']
[0.246s] Level 1:colcon.colcon_core.package_identification:_identify(src/uros/micro-ROS-Agent/snap) by extension 'python_setup_py'
[0.246s] Level 1:colcon.colcon_core.package_identification:_identify(src/uros/micro-ROS-Agent/snap/hooks) by extensions ['ignore', 'ignore_ament_install']
[0.246s] Level 1:colcon.colcon_core.package_identification:_identify(src/uros/micro-ROS-Agent/snap/hooks) by extension 'ignore'
[0.246s] Level 1:colcon.colcon_core.package_identification:_identify(src/uros/micro-ROS-Agent/snap/hooks) by extension 'ignore_ament_install'
[0.246s] Level 1:colcon.colcon_core.package_identification:_identify(src/uros/micro-ROS-Agent/snap/hooks) by extensions ['colcon_pkg']
[0.246s] Level 1:colcon.colcon_core.package_identification:_identify(src/uros/micro-ROS-Agent/snap/hooks) by extension 'colcon_pkg'
[0.247s] Level 1:colcon.colcon_core.package_identification:_identify(src/uros/micro-ROS-Agent/snap/hooks) by extensions ['colcon_meta']
[0.247s] Level 1:colcon.colcon_core.package_identification:_identify(src/uros/micro-ROS-Agent/snap/hooks) by extension 'colcon_meta'
[0.247s] Level 1:colcon.colcon_core.package_identification:_identify(src/uros/micro-ROS-Agent/snap/hooks) by extensions ['ros']
[0.247s] Level 1:colcon.colcon_core.package_identification:_identify(src/uros/micro-ROS-Agent/snap/hooks) by extension 'ros'
[0.247s] Level 1:colcon.colcon_core.package_identification:_identify(src/uros/micro-ROS-Agent/snap/hooks) by extensions ['cmake', 'python']
[0.247s] Level 1:colcon.colcon_core.package_identification:_identify(src/uros/micro-ROS-Agent/snap/hooks) by extension 'cmake'
[0.247s] Level 1:colcon.colcon_core.package_identification:_identify(src/uros/micro-ROS-Agent/snap/hooks) by extension 'python'
[0.247s] Level 1:colcon.colcon_core.package_identification:_identify(src/uros/micro-ROS-Agent/snap/hooks) by extensions ['python_setup_py']
[0.247s] Level 1:colcon.colcon_core.package_identification:_identify(src/uros/micro-ROS-Agent/snap/hooks) by extension 'python_setup_py'
[0.247s] Level 1:colcon.colcon_core.package_identification:_identify(src/uros/micro-ROS-Agent/snap/local) by extensions ['ignore', 'ignore_ament_install']
[0.247s] Level 1:colcon.colcon_core.package_identification:_identify(src/uros/micro-ROS-Agent/snap/local) by extension 'ignore'
[0.247s] Level 1:colcon.colcon_core.package_identification:_identify(src/uros/micro-ROS-Agent/snap/local) by extension 'ignore_ament_install'
[0.247s] Level 1:colcon.colcon_core.package_identification:_identify(src/uros/micro-ROS-Agent/snap/local) by extensions ['colcon_pkg']
[0.247s] Level 1:colcon.colcon_core.package_identification:_identify(src/uros/micro-ROS-Agent/snap/local) by extension 'colcon_pkg'
[0.247s] Level 1:colcon.colcon_core.package_identification:_identify(src/uros/micro-ROS-Agent/snap/local) by extensions ['colcon_meta']
[0.247s] Level 1:colcon.colcon_core.package_identification:_identify(src/uros/micro-ROS-Agent/snap/local) by extension 'colcon_meta'
[0.247s] Level 1:colcon.colcon_core.package_identification:_identify(src/uros/micro-ROS-Agent/snap/local) by extensions ['ros']
[0.247s] Level 1:colcon.colcon_core.package_identification:_identify(src/uros/micro-ROS-Agent/snap/local) by extension 'ros'
[0.247s] Level 1:colcon.colcon_core.package_identification:_identify(src/uros/micro-ROS-Agent/snap/local) by extensions ['cmake', 'python']
[0.247s] Level 1:colcon.colcon_core.package_identification:_identify(src/uros/micro-ROS-Agent/snap/local) by extension 'cmake'
[0.247s] Level 1:colcon.colcon_core.package_identification:_identify(src/uros/micro-ROS-Agent/snap/local) by extension 'python'
[0.247s] Level 1:colcon.colcon_core.package_identification:_identify(src/uros/micro-ROS-Agent/snap/local) by extensions ['python_setup_py']
[0.247s] Level 1:colcon.colcon_core.package_identification:_identify(src/uros/micro-ROS-Agent/snap/local) by extension 'python_setup_py'
[0.248s] Level 1:colcon.colcon_core.package_identification:_identify(src/uros/micro_ros_msgs) by extensions ['ignore', 'ignore_ament_install']
[0.248s] Level 1:colcon.colcon_core.package_identification:_identify(src/uros/micro_ros_msgs) by extension 'ignore'
[0.248s] Level 1:colcon.colcon_core.package_identification:_identify(src/uros/micro_ros_msgs) by extension 'ignore_ament_install'
[0.248s] Level 1:colcon.colcon_core.package_identification:_identify(src/uros/micro_ros_msgs) by extensions ['colcon_pkg']
[0.248s] Level 1:colcon.colcon_core.package_identification:_identify(src/uros/micro_ros_msgs) by extension 'colcon_pkg'
[0.248s] Level 1:colcon.colcon_core.package_identification:_identify(src/uros/micro_ros_msgs) by extensions ['colcon_meta']
[0.248s] Level 1:colcon.colcon_core.package_identification:_identify(src/uros/micro_ros_msgs) by extension 'colcon_meta'
[0.248s] Level 1:colcon.colcon_core.package_identification:_identify(src/uros/micro_ros_msgs) by extensions ['ros']
[0.248s] Level 1:colcon.colcon_core.package_identification:_identify(src/uros/micro_ros_msgs) by extension 'ros'
[0.248s] DEBUG:colcon.colcon_core.package_identification:Package 'src/uros/micro_ros_msgs' with type 'ros.ament_cmake' and name 'micro_ros_msgs'
[0.248s] Level 1:colcon.colcon_core.package_discovery:discover_packages(recursive) using defaults
[0.248s] Level 1:colcon.colcon_core.package_discovery:discover_packages(ignore) discover
[0.248s] Level 1:colcon.colcon_core.package_discovery:discover_packages(ignore) using defaults
[0.248s] Level 1:colcon.colcon_core.package_discovery:discover_packages(path) discover
[0.248s] Level 1:colcon.colcon_core.package_discovery:discover_packages(path) using defaults
[0.273s] INFO:colcon.colcon_core.package_selection:Skipping package 'micro_ros_setup' in 'src/micro_ros_setup'
[0.274s] Level 1:colcon.colcon_core.package_discovery:discover_packages(prefix_path) check parameters
[0.274s] Level 1:colcon.colcon_core.package_discovery:discover_packages(prefix_path) discover
[0.275s] DEBUG:colcon.colcon_installed_package_information.package_discovery:Found 1 installed packages in /home/hyper_engine/uros_ws/install
[0.275s] DEBUG:colcon.colcon_installed_package_information.package_discovery:Found 1 installed packages in /home/hyper_engine/lfr_ws/install
[0.276s] DEBUG:colcon.colcon_installed_package_information.package_discovery:Found 4 installed packages in /home/hyper_engine/ros2_ws/install
[0.277s] DEBUG:colcon.colcon_installed_package_information.package_discovery:Found 292 installed packages in /opt/ros/humble
[0.278s] Level 1:colcon.colcon_core.package_discovery:discover_packages(prefix_path) using defaults
[0.310s] Level 5:colcon.colcon_core.verb:set package 'micro_ros_msgs' build argument 'cmake_args' from command line to '['-DUAGENT_BUILD_EXECUTABLE=OFF', '-DUAGENT_P2P_PROFILE=OFF', '--no-warn-unused-cli']'
[0.310s] Level 5:colcon.colcon_core.verb:set package 'micro_ros_msgs' build argument 'cmake_target' from command line to 'None'
[0.311s] Level 5:colcon.colcon_core.verb:set package 'micro_ros_msgs' build argument 'cmake_target_skip_unavailable' from command line to 'False'
[0.311s] Level 5:colcon.colcon_core.verb:set package 'micro_ros_msgs' build argument 'cmake_clean_cache' from command line to 'False'
[0.311s] Level 5:colcon.colcon_core.verb:set package 'micro_ros_msgs' build argument 'cmake_clean_first' from command line to 'False'
[0.311s] Level 5:colcon.colcon_core.verb:set package 'micro_ros_msgs' build argument 'cmake_force_configure' from command line to 'False'
[0.311s] Level 5:colcon.colcon_core.verb:set package 'micro_ros_msgs' build argument 'ament_cmake_args' from command line to 'None'
[0.311s] Level 5:colcon.colcon_core.verb:set package 'micro_ros_msgs' build argument 'catkin_cmake_args' from command line to 'None'
[0.311s] Level 5:colcon.colcon_core.verb:set package 'micro_ros_msgs' build argument 'catkin_skip_building_tests' from command line to 'False'
[0.311s] DEBUG:colcon.colcon_core.verb:Building package 'micro_ros_msgs' with the following arguments: {'ament_cmake_args': None, 'build_base': '/home/hyper_engine/uros_ws/build/micro_ros_msgs', 'catkin_cmake_args': None, 'catkin_skip_building_tests': False, 'cmake_args': ['-DUAGENT_BUILD_EXECUTABLE=OFF', '-DUAGENT_P2P_PROFILE=OFF', '--no-warn-unused-cli'], 'cmake_clean_cache': False, 'cmake_clean_first': False, 'cmake_force_configure': False, 'cmake_target': None, 'cmake_target_skip_unavailable': False, 'install_base': '/home/hyper_engine/uros_ws/install/micro_ros_msgs', 'merge_install': False, 'path': '/home/hyper_engine/uros_ws/src/uros/micro_ros_msgs', 'symlink_install': False, 'test_result_base': None}
[0.311s] Level 5:colcon.colcon_core.verb:set package 'micro_ros_agent' build argument 'cmake_args' from command line to '['-DUAGENT_BUILD_EXECUTABLE=OFF', '-DUAGENT_P2P_PROFILE=OFF', '--no-warn-unused-cli']'
[0.311s] Level 5:colcon.colcon_core.verb:set package 'micro_ros_agent' build argument 'cmake_target' from command line to 'None'
[0.311s] Level 5:colcon.colcon_core.verb:set package 'micro_ros_agent' build argument 'cmake_target_skip_unavailable' from command line to 'False'
[0.311s] Level 5:colcon.colcon_core.verb:set package 'micro_ros_agent' build argument 'cmake_clean_cache' from command line to 'False'
[0.311s] Level 5:colcon.colcon_core.verb:set package 'micro_ros_agent' build argument 'cmake_clean_first' from command line to 'False'
[0.311s] Level 5:colcon.colcon_core.verb:set package 'micro_ros_agent' build argument 'cmake_force_configure' from command line to 'False'
[0.311s] Level 5:colcon.colcon_core.verb:set package 'micro_ros_agent' build argument 'ament_cmake_args' from command line to 'None'
[0.311s] Level 5:colcon.colcon_core.verb:set package 'micro_ros_agent' build argument 'catkin_cmake_args' from command line to 'None'
[0.311s] Level 5:colcon.colcon_core.verb:set package 'micro_ros_agent' build argument 'catkin_skip_building_tests' from command line to 'False'
[0.311s] DEBUG:colcon.colcon_core.verb:Building package 'micro_ros_agent' with the following arguments: {'ament_cmake_args': None, 'build_base': '/home/hyper_engine/uros_ws/build/micro_ros_agent', 'catkin_cmake_args': None, 'catkin_skip_building_tests': False, 'cmake_args': ['-DUAGENT_BUILD_EXECUTABLE=OFF', '-DUAGENT_P2P_PROFILE=OFF', '--no-warn-unused-cli'], 'cmake_clean_cache': False, 'cmake_clean_first': False, 'cmake_force_configure': False, 'cmake_target': None, 'cmake_target_skip_unavailable': False, 'install_base': '/home/hyper_engine/uros_ws/install/micro_ros_agent', 'merge_install': False, 'path': '/home/hyper_engine/uros_ws/src/uros/micro-ROS-Agent/micro_ros_agent', 'symlink_install': False, 'test_result_base': None}
[0.311s] INFO:colcon.colcon_core.executor:Executing jobs using 'parallel' executor
[0.312s] DEBUG:colcon.colcon_parallel_executor.executor.parallel:run_until_complete
[0.312s] INFO:colcon.colcon_ros.task.ament_cmake.build:Building ROS package in '/home/hyper_engine/uros_ws/src/uros/micro_ros_msgs' with build type 'ament_cmake'
[0.312s] INFO:colcon.colcon_cmake.task.cmake.build:Building CMake package in '/home/hyper_engine/uros_ws/src/uros/micro_ros_msgs'
[0.314s] INFO:colcon.colcon_core.plugin_system:Skipping extension 'colcon_core.shell.bat': Not used on non-Windows systems
[0.314s] INFO:colcon.colcon_core.shell:Skip shell extension 'powershell' for command environment: Not usable outside of PowerShell
[0.314s] DEBUG:colcon.colcon_core.shell:Skip shell extension 'dsv' for command environment
[0.326s] DEBUG:colcon.colcon_core.event_handler.log_command:Invoking command in '/home/hyper_engine/uros_ws/build/micro_ros_msgs': CMAKE_PREFIX_PATH=${CMAKE_PREFIX_PATH}:/home/hyper_engine/ros2_ws/install/my_lfr_controller:/home/hyper_engine/ros2_ws/install/car_description:/home/hyper_engine/ros2_ws/install/basic_car_description:/home/hyper_engine/ros2_ws/install/aero_car_description:/opt/ros/humble /usr/bin/cmake /home/hyper_engine/uros_ws/src/uros/micro_ros_msgs -DUAGENT_BUILD_EXECUTABLE=OFF -DUAGENT_P2P_PROFILE=OFF --no-warn-unused-cli -DCMAKE_INSTALL_PREFIX=/home/hyper_engine/uros_ws/install/micro_ros_msgs
[1.619s] DEBUG:colcon.colcon_core.event_handler.log_command:Invoked command in '/home/hyper_engine/uros_ws/build/micro_ros_msgs' returned '0': CMAKE_PREFIX_PATH=${CMAKE_PREFIX_PATH}:/home/hyper_engine/ros2_ws/install/my_lfr_controller:/home/hyper_engine/ros2_ws/install/car_description:/home/hyper_engine/ros2_ws/install/basic_car_description:/home/hyper_engine/ros2_ws/install/aero_car_description:/opt/ros/humble /usr/bin/cmake /home/hyper_engine/uros_ws/src/uros/micro_ros_msgs -DUAGENT_BUILD_EXECUTABLE=OFF -DUAGENT_P2P_PROFILE=OFF --no-warn-unused-cli -DCMAKE_INSTALL_PREFIX=/home/hyper_engine/uros_ws/install/micro_ros_msgs
[1.619s] DEBUG:colcon.colcon_core.event_handler.log_command:Invoking command in '/home/hyper_engine/uros_ws/build/micro_ros_msgs': CMAKE_PREFIX_PATH=${CMAKE_PREFIX_PATH}:/home/hyper_engine/ros2_ws/install/my_lfr_controller:/home/hyper_engine/ros2_ws/install/car_description:/home/hyper_engine/ros2_ws/install/basic_car_description:/home/hyper_engine/ros2_ws/install/aero_car_description:/opt/ros/humble /usr/bin/cmake --build /home/hyper_engine/uros_ws/build/micro_ros_msgs -- -j8 -l8
[4.900s] DEBUG:colcon.colcon_core.event_handler.log_command:Invoked command in '/home/hyper_engine/uros_ws/build/micro_ros_msgs' returned '0': CMAKE_PREFIX_PATH=${CMAKE_PREFIX_PATH}:/home/hyper_engine/ros2_ws/install/my_lfr_controller:/home/hyper_engine/ros2_ws/install/car_description:/home/hyper_engine/ros2_ws/install/basic_car_description:/home/hyper_engine/ros2_ws/install/aero_car_description:/opt/ros/humble /usr/bin/cmake --build /home/hyper_engine/uros_ws/build/micro_ros_msgs -- -j8 -l8
[4.907s] DEBUG:colcon.colcon_core.event_handler.log_command:Invoking command in '/home/hyper_engine/uros_ws/build/micro_ros_msgs': CMAKE_PREFIX_PATH=${CMAKE_PREFIX_PATH}:/home/hyper_engine/ros2_ws/install/my_lfr_controller:/home/hyper_engine/ros2_ws/install/car_description:/home/hyper_engine/ros2_ws/install/basic_car_description:/home/hyper_engine/ros2_ws/install/aero_car_description:/opt/ros/humble /usr/bin/cmake --install /home/hyper_engine/uros_ws/build/micro_ros_msgs
[4.967s] Level 1:colcon.colcon_core.environment:create_environment_scripts_only(micro_ros_msgs)
[4.968s] DEBUG:colcon.colcon_core.event_handler.log_command:Invoked command in '/home/hyper_engine/uros_ws/build/micro_ros_msgs' returned '0': CMAKE_PREFIX_PATH=${CMAKE_PREFIX_PATH}:/home/hyper_engine/ros2_ws/install/my_lfr_controller:/home/hyper_engine/ros2_ws/install/car_description:/home/hyper_engine/ros2_ws/install/basic_car_description:/home/hyper_engine/ros2_ws/install/aero_car_description:/opt/ros/humble /usr/bin/cmake --install /home/hyper_engine/uros_ws/build/micro_ros_msgs
[4.970s] Level 1:colcon.colcon_core.environment:checking '/home/hyper_engine/uros_ws/install/micro_ros_msgs' for CMake module files
[4.970s] Level 1:colcon.colcon_core.environment:checking '/home/hyper_engine/uros_ws/install/micro_ros_msgs' for CMake config files
[4.971s] Level 1:colcon.colcon_core.shell:create_environment_hook('micro_ros_msgs', 'cmake_prefix_path')
[4.971s] INFO:colcon.colcon_core.shell:Creating environment hook '/home/hyper_engine/uros_ws/install/micro_ros_msgs/share/micro_ros_msgs/hook/cmake_prefix_path.ps1'
[4.971s] INFO:colcon.colcon_core.shell:Creating environment descriptor '/home/hyper_engine/uros_ws/install/micro_ros_msgs/share/micro_ros_msgs/hook/cmake_prefix_path.dsv'
[4.972s] INFO:colcon.colcon_core.shell:Creating environment hook '/home/hyper_engine/uros_ws/install/micro_ros_msgs/share/micro_ros_msgs/hook/cmake_prefix_path.sh'
[4.973s] Level 1:colcon.colcon_core.environment:checking '/home/hyper_engine/uros_ws/install/micro_ros_msgs/lib'
[4.973s] Level 1:colcon.colcon_core.shell:create_environment_hook('micro_ros_msgs', 'ld_library_path_lib')
[4.973s] INFO:colcon.colcon_core.shell:Creating environment hook '/home/hyper_engine/uros_ws/install/micro_ros_msgs/share/micro_ros_msgs/hook/ld_library_path_lib.ps1'
[4.973s] INFO:colcon.colcon_core.shell:Creating environment descriptor '/home/hyper_engine/uros_ws/install/micro_ros_msgs/share/micro_ros_msgs/hook/ld_library_path_lib.dsv'
[4.973s] INFO:colcon.colcon_core.shell:Creating environment hook '/home/hyper_engine/uros_ws/install/micro_ros_msgs/share/micro_ros_msgs/hook/ld_library_path_lib.sh'
[4.974s] Level 1:colcon.colcon_core.environment:checking '/home/hyper_engine/uros_ws/install/micro_ros_msgs/bin'
[4.974s] Level 1:colcon.colcon_core.environment:checking '/home/hyper_engine/uros_ws/install/micro_ros_msgs/lib/pkgconfig/micro_ros_msgs.pc'
[4.974s] Level 1:colcon.colcon_core.environment:checking '/home/hyper_engine/uros_ws/install/micro_ros_msgs/lib/python3.10/site-packages'
[4.974s] Level 1:colcon.colcon_core.environment:checking '/home/hyper_engine/uros_ws/install/micro_ros_msgs/bin'
[4.975s] INFO:colcon.colcon_core.shell:Creating package script '/home/hyper_engine/uros_ws/install/micro_ros_msgs/share/micro_ros_msgs/package.ps1'
[4.975s] INFO:colcon.colcon_core.shell:Creating package descriptor '/home/hyper_engine/uros_ws/install/micro_ros_msgs/share/micro_ros_msgs/package.dsv'
[4.976s] INFO:colcon.colcon_core.shell:Creating package script '/home/hyper_engine/uros_ws/install/micro_ros_msgs/share/micro_ros_msgs/package.sh'
[4.976s] INFO:colcon.colcon_core.shell:Creating package script '/home/hyper_engine/uros_ws/install/micro_ros_msgs/share/micro_ros_msgs/package.bash'
[4.977s] INFO:colcon.colcon_core.shell:Creating package script '/home/hyper_engine/uros_ws/install/micro_ros_msgs/share/micro_ros_msgs/package.zsh'
[4.977s] Level 1:colcon.colcon_core.environment:create_file_with_runtime_dependencies(/home/hyper_engine/uros_ws/install/micro_ros_msgs/share/colcon-core/packages/micro_ros_msgs)
[4.978s] Level 1:colcon.colcon_core.environment:create_environment_scripts_only(micro_ros_msgs)
[4.978s] Level 1:colcon.colcon_core.environment:checking '/home/hyper_engine/uros_ws/install/micro_ros_msgs' for CMake module files
[4.979s] Level 1:colcon.colcon_core.environment:checking '/home/hyper_engine/uros_ws/install/micro_ros_msgs' for CMake config files
[4.979s] Level 1:colcon.colcon_core.shell:create_environment_hook('micro_ros_msgs', 'cmake_prefix_path')
[4.979s] INFO:colcon.colcon_core.shell:Creating environment hook '/home/hyper_engine/uros_ws/install/micro_ros_msgs/share/micro_ros_msgs/hook/cmake_prefix_path.ps1'
[4.980s] INFO:colcon.colcon_core.shell:Creating environment descriptor '/home/hyper_engine/uros_ws/install/micro_ros_msgs/share/micro_ros_msgs/hook/cmake_prefix_path.dsv'
[4.980s] INFO:colcon.colcon_core.shell:Creating environment hook '/home/hyper_engine/uros_ws/install/micro_ros_msgs/share/micro_ros_msgs/hook/cmake_prefix_path.sh'
[4.980s] Level 1:colcon.colcon_core.environment:checking '/home/hyper_engine/uros_ws/install/micro_ros_msgs/lib'
[4.980s] Level 1:colcon.colcon_core.shell:create_environment_hook('micro_ros_msgs', 'ld_library_path_lib')
[4.981s] INFO:colcon.colcon_core.shell:Creating environment hook '/home/hyper_engine/uros_ws/install/micro_ros_msgs/share/micro_ros_msgs/hook/ld_library_path_lib.ps1'
[4.981s] INFO:colcon.colcon_core.shell:Creating environment descriptor '/home/hyper_engine/uros_ws/install/micro_ros_msgs/share/micro_ros_msgs/hook/ld_library_path_lib.dsv'
[4.981s] INFO:colcon.colcon_core.shell:Creating environment hook '/home/hyper_engine/uros_ws/install/micro_ros_msgs/share/micro_ros_msgs/hook/ld_library_path_lib.sh'
[4.981s] Level 1:colcon.colcon_core.environment:checking '/home/hyper_engine/uros_ws/install/micro_ros_msgs/bin'
[4.981s] Level 1:colcon.colcon_core.environment:checking '/home/hyper_engine/uros_ws/install/micro_ros_msgs/lib/pkgconfig/micro_ros_msgs.pc'
[4.982s] Level 1:colcon.colcon_core.environment:checking '/home/hyper_engine/uros_ws/install/micro_ros_msgs/lib/python3.10/site-packages'
[4.982s] Level 1:colcon.colcon_core.environment:checking '/home/hyper_engine/uros_ws/install/micro_ros_msgs/bin'
[4.982s] INFO:colcon.colcon_core.shell:Creating package script '/home/hyper_engine/uros_ws/install/micro_ros_msgs/share/micro_ros_msgs/package.ps1'
[4.983s] INFO:colcon.colcon_core.shell:Creating package descriptor '/home/hyper_engine/uros_ws/install/micro_ros_msgs/share/micro_ros_msgs/package.dsv'
[4.983s] INFO:colcon.colcon_core.shell:Creating package script '/home/hyper_engine/uros_ws/install/micro_ros_msgs/share/micro_ros_msgs/package.sh'
[4.984s] INFO:colcon.colcon_core.shell:Creating package script '/home/hyper_engine/uros_ws/install/micro_ros_msgs/share/micro_ros_msgs/package.bash'
[4.984s] INFO:colcon.colcon_core.shell:Creating package script '/home/hyper_engine/uros_ws/install/micro_ros_msgs/share/micro_ros_msgs/package.zsh'
[4.984s] Level 1:colcon.colcon_core.environment:create_file_with_runtime_dependencies(/home/hyper_engine/uros_ws/install/micro_ros_msgs/share/colcon-core/packages/micro_ros_msgs)
[4.984s] INFO:colcon.colcon_ros.task.ament_cmake.build:Building ROS package in '/home/hyper_engine/uros_ws/src/uros/micro-ROS-Agent/micro_ros_agent' with build type 'ament_cmake'
[4.985s] INFO:colcon.colcon_cmake.task.cmake.build:Building CMake package in '/home/hyper_engine/uros_ws/src/uros/micro-ROS-Agent/micro_ros_agent'
[4.985s] INFO:colcon.colcon_core.shell:Skip shell extension 'powershell' for command environment: Not usable outside of PowerShell
[4.985s] DEBUG:colcon.colcon_core.shell:Skip shell extension 'dsv' for command environment
[4.993s] DEBUG:colcon.colcon_core.event_handler.log_command:Invoking command in '/home/hyper_engine/uros_ws/build/micro_ros_agent': AMENT_PREFIX_PATH=/home/hyper_engine/uros_ws/install/micro_ros_msgs:${AMENT_PREFIX_PATH} CMAKE_PREFIX_PATH=/home/hyper_engine/uros_ws/install/micro_ros_msgs:/home/hyper_engine/uros_ws/install/micro_ros_setup:/home/hyper_engine/lfr_ws/install/mr_robot_description:/home/hyper_engine/ros2_ws/install/my_lfr_controller:/home/hyper_engine/ros2_ws/install/car_description:/home/hyper_engine/ros2_ws/install/basic_car_description:/home/hyper_engine/ros2_ws/install/aero_car_description:/opt/ros/humble LD_LIBRARY_PATH=/home/hyper_engine/uros_ws/install/micro_ros_msgs/lib:${LD_LIBRARY_PATH} PYTHONPATH=/home/hyper_engine/uros_ws/install/micro_ros_msgs/local/lib/python3.10/dist-packages:${PYTHONPATH} /usr/bin/cmake /home/hyper_engine/uros_ws/src/uros/micro-ROS-Agent/micro_ros_agent -DUAGENT_BUILD_EXECUTABLE=OFF -DUAGENT_P2P_PROFILE=OFF --no-warn-unused-cli -DCMAKE_INSTALL_PREFIX=/home/hyper_engine/uros_ws/install/micro_ros_agent
[5.258s] DEBUG:colcon.colcon_core.event_handler.log_command:Invoked command in '/home/hyper_engine/uros_ws/build/micro_ros_agent' returned '0': AMENT_PREFIX_PATH=/home/hyper_engine/uros_ws/install/micro_ros_msgs:${AMENT_PREFIX_PATH} CMAKE_PREFIX_PATH=/home/hyper_engine/uros_ws/install/micro_ros_msgs:/home/hyper_engine/uros_ws/install/micro_ros_setup:/home/hyper_engine/lfr_ws/install/mr_robot_description:/home/hyper_engine/ros2_ws/install/my_lfr_controller:/home/hyper_engine/ros2_ws/install/car_description:/home/hyper_engine/ros2_ws/install/basic_car_description:/home/hyper_engine/ros2_ws/install/aero_car_description:/opt/ros/humble LD_LIBRARY_PATH=/home/hyper_engine/uros_ws/install/micro_ros_msgs/lib:${LD_LIBRARY_PATH} PYTHONPATH=/home/hyper_engine/uros_ws/install/micro_ros_msgs/local/lib/python3.10/dist-packages:${PYTHONPATH} /usr/bin/cmake /home/hyper_engine/uros_ws/src/uros/micro-ROS-Agent/micro_ros_agent -DUAGENT_BUILD_EXECUTABLE=OFF -DUAGENT_P2P_PROFILE=OFF --no-warn-unused-cli -DCMAKE_INSTALL_PREFIX=/home/hyper_engine/uros_ws/install/micro_ros_agent
[5.260s] DEBUG:colcon.colcon_core.event_handler.log_command:Invoking command in '/home/hyper_engine/uros_ws/build/micro_ros_agent': AMENT_PREFIX_PATH=/home/hyper_engine/uros_ws/install/micro_ros_msgs:${AMENT_PREFIX_PATH} CMAKE_PREFIX_PATH=/home/hyper_engine/uros_ws/install/micro_ros_msgs:/home/hyper_engine/uros_ws/install/micro_ros_setup:/home/hyper_engine/lfr_ws/install/mr_robot_description:/home/hyper_engine/ros2_ws/install/my_lfr_controller:/home/hyper_engine/ros2_ws/install/car_description:/home/hyper_engine/ros2_ws/install/basic_car_description:/home/hyper_engine/ros2_ws/install/aero_car_description:/opt/ros/humble LD_LIBRARY_PATH=/home/hyper_engine/uros_ws/install/micro_ros_msgs/lib:${LD_LIBRARY_PATH} PYTHONPATH=/home/hyper_engine/uros_ws/install/micro_ros_msgs/local/lib/python3.10/dist-packages:${PYTHONPATH} /usr/bin/cmake --build /home/hyper_engine/uros_ws/build/micro_ros_agent -- -j8 -l8
[50.336s] DEBUG:colcon.colcon_core.event_handler.log_command:Invoked command in '/home/hyper_engine/uros_ws/build/micro_ros_agent' returned '0': AMENT_PREFIX_PATH=/home/hyper_engine/uros_ws/install/micro_ros_msgs:${AMENT_PREFIX_PATH} CMAKE_PREFIX_PATH=/home/hyper_engine/uros_ws/install/micro_ros_msgs:/home/hyper_engine/uros_ws/install/micro_ros_setup:/home/hyper_engine/lfr_ws/install/mr_robot_description:/home/hyper_engine/ros2_ws/install/my_lfr_controller:/home/hyper_engine/ros2_ws/install/car_description:/home/hyper_engine/ros2_ws/install/basic_car_description:/home/hyper_engine/ros2_ws/install/aero_car_description:/opt/ros/humble LD_LIBRARY_PATH=/home/hyper_engine/uros_ws/install/micro_ros_msgs/lib:${LD_LIBRARY_PATH} PYTHONPATH=/home/hyper_engine/uros_ws/install/micro_ros_msgs/local/lib/python3.10/dist-packages:${PYTHONPATH} /usr/bin/cmake --build /home/hyper_engine/uros_ws/build/micro_ros_agent -- -j8 -l8
[50.337s] DEBUG:colcon.colcon_core.event_handler.log_command:Invoking command in '/home/hyper_engine/uros_ws/build/micro_ros_agent': AMENT_PREFIX_PATH=/home/hyper_engine/uros_ws/install/micro_ros_msgs:${AMENT_PREFIX_PATH} CMAKE_PREFIX_PATH=/home/hyper_engine/uros_ws/install/micro_ros_msgs:/home/hyper_engine/uros_ws/install/micro_ros_setup:/home/hyper_engine/lfr_ws/install/mr_robot_description:/home/hyper_engine/ros2_ws/install/my_lfr_controller:/home/hyper_engine/ros2_ws/install/car_description:/home/hyper_engine/ros2_ws/install/basic_car_description:/home/hyper_engine/ros2_ws/install/aero_car_description:/opt/ros/humble LD_LIBRARY_PATH=/home/hyper_engine/uros_ws/install/micro_ros_msgs/lib:${LD_LIBRARY_PATH} PYTHONPATH=/home/hyper_engine/uros_ws/install/micro_ros_msgs/local/lib/python3.10/dist-packages:${PYTHONPATH} /usr/bin/cmake --install /home/hyper_engine/uros_ws/build/micro_ros_agent
[50.347s] Level 1:colcon.colcon_core.environment:create_environment_scripts_only(micro_ros_agent)
[50.347s] Level 1:colcon.colcon_core.environment:checking '/home/hyper_engine/uros_ws/install/micro_ros_agent' for CMake module files
[50.348s] DEBUG:colcon.colcon_core.event_handler.log_command:Invoked command in '/home/hyper_engine/uros_ws/build/micro_ros_agent' returned '0': AMENT_PREFIX_PATH=/home/hyper_engine/uros_ws/install/micro_ros_msgs:${AMENT_PREFIX_PATH} CMAKE_PREFIX_PATH=/home/hyper_engine/uros_ws/install/micro_ros_msgs:/home/hyper_engine/uros_ws/install/micro_ros_setup:/home/hyper_engine/lfr_ws/install/mr_robot_description:/home/hyper_engine/ros2_ws/install/my_lfr_controller:/home/hyper_engine/ros2_ws/install/car_description:/home/hyper_engine/ros2_ws/install/basic_car_description:/home/hyper_engine/ros2_ws/install/aero_car_description:/opt/ros/humble LD_LIBRARY_PATH=/home/hyper_engine/uros_ws/install/micro_ros_msgs/lib:${LD_LIBRARY_PATH} PYTHONPATH=/home/hyper_engine/uros_ws/install/micro_ros_msgs/local/lib/python3.10/dist-packages:${PYTHONPATH} /usr/bin/cmake --install /home/hyper_engine/uros_ws/build/micro_ros_agent
[50.348s] Level 1:colcon.colcon_core.environment:checking '/home/hyper_engine/uros_ws/install/micro_ros_agent' for CMake config files
[50.349s] Level 1:colcon.colcon_core.shell:create_environment_hook('micro_ros_agent', 'cmake_prefix_path')
[50.349s] INFO:colcon.colcon_core.shell:Creating environment hook '/home/hyper_engine/uros_ws/install/micro_ros_agent/share/micro_ros_agent/hook/cmake_prefix_path.ps1'
[50.349s] INFO:colcon.colcon_core.shell:Creating environment descriptor '/home/hyper_engine/uros_ws/install/micro_ros_agent/share/micro_ros_agent/hook/cmake_prefix_path.dsv'
[50.350s] INFO:colcon.colcon_core.shell:Creating environment hook '/home/hyper_engine/uros_ws/install/micro_ros_agent/share/micro_ros_agent/hook/cmake_prefix_path.sh'
[50.350s] Level 1:colcon.colcon_core.environment:checking '/home/hyper_engine/uros_ws/install/micro_ros_agent/lib'
[50.350s] Level 1:colcon.colcon_core.shell:create_environment_hook('micro_ros_agent', 'ld_library_path_lib')
[50.350s] INFO:colcon.colcon_core.shell:Creating environment hook '/home/hyper_engine/uros_ws/install/micro_ros_agent/share/micro_ros_agent/hook/ld_library_path_lib.ps1'
[50.351s] INFO:colcon.colcon_core.shell:Creating environment descriptor '/home/hyper_engine/uros_ws/install/micro_ros_agent/share/micro_ros_agent/hook/ld_library_path_lib.dsv'
[50.351s] INFO:colcon.colcon_core.shell:Creating environment hook '/home/hyper_engine/uros_ws/install/micro_ros_agent/share/micro_ros_agent/hook/ld_library_path_lib.sh'
[50.351s] Level 1:colcon.colcon_core.environment:checking '/home/hyper_engine/uros_ws/install/micro_ros_agent/bin'
[50.351s] Level 1:colcon.colcon_core.environment:checking '/home/hyper_engine/uros_ws/install/micro_ros_agent/lib/pkgconfig/micro_ros_agent.pc'
[50.351s] Level 1:colcon.colcon_core.environment:checking '/home/hyper_engine/uros_ws/install/micro_ros_agent/lib/python3.10/site-packages'
[50.352s] Level 1:colcon.colcon_core.environment:checking '/home/hyper_engine/uros_ws/install/micro_ros_agent/bin'
[50.352s] INFO:colcon.colcon_core.shell:Creating package script '/home/hyper_engine/uros_ws/install/micro_ros_agent/share/micro_ros_agent/package.ps1'
[50.352s] INFO:colcon.colcon_core.shell:Creating package descriptor '/home/hyper_engine/uros_ws/install/micro_ros_agent/share/micro_ros_agent/package.dsv'
[50.353s] INFO:colcon.colcon_core.shell:Creating package script '/home/hyper_engine/uros_ws/install/micro_ros_agent/share/micro_ros_agent/package.sh'
[50.353s] INFO:colcon.colcon_core.shell:Creating package script '/home/hyper_engine/uros_ws/install/micro_ros_agent/share/micro_ros_agent/package.bash'
[50.353s] INFO:colcon.colcon_core.shell:Creating package script '/home/hyper_engine/uros_ws/install/micro_ros_agent/share/micro_ros_agent/package.zsh'
[50.354s] Level 1:colcon.colcon_core.environment:create_file_with_runtime_dependencies(/home/hyper_engine/uros_ws/install/micro_ros_agent/share/colcon-core/packages/micro_ros_agent)
[50.354s] Level 1:colcon.colcon_core.environment:create_environment_scripts_only(micro_ros_agent)
[50.354s] Level 1:colcon.colcon_core.environment:checking '/home/hyper_engine/uros_ws/install/micro_ros_agent' for CMake module files
[50.355s] Level 1:colcon.colcon_core.environment:checking '/home/hyper_engine/uros_ws/install/micro_ros_agent' for CMake config files
[50.355s] Level 1:colcon.colcon_core.shell:create_environment_hook('micro_ros_agent', 'cmake_prefix_path')
[50.356s] INFO:colcon.colcon_core.shell:Creating environment hook '/home/hyper_engine/uros_ws/install/micro_ros_agent/share/micro_ros_agent/hook/cmake_prefix_path.ps1'
[50.356s] INFO:colcon.colcon_core.shell:Creating environment descriptor '/home/hyper_engine/uros_ws/install/micro_ros_agent/share/micro_ros_agent/hook/cmake_prefix_path.dsv'
[50.356s] INFO:colcon.colcon_core.shell:Creating environment hook '/home/hyper_engine/uros_ws/install/micro_ros_agent/share/micro_ros_agent/hook/cmake_prefix_path.sh'
[50.357s] Level 1:colcon.colcon_core.environment:checking '/home/hyper_engine/uros_ws/install/micro_ros_agent/lib'
[50.357s] Level 1:colcon.colcon_core.shell:create_environment_hook('micro_ros_agent', 'ld_library_path_lib')
[50.357s] INFO:colcon.colcon_core.shell:Creating environment hook '/home/hyper_engine/uros_ws/install/micro_ros_agent/share/micro_ros_agent/hook/ld_library_path_lib.ps1'
[50.357s] INFO:colcon.colcon_core.shell:Creating environment descriptor '/home/hyper_engine/uros_ws/install/micro_ros_agent/share/micro_ros_agent/hook/ld_library_path_lib.dsv'
[50.357s] INFO:colcon.colcon_core.shell:Creating environment hook '/home/hyper_engine/uros_ws/install/micro_ros_agent/share/micro_ros_agent/hook/ld_library_path_lib.sh'
[50.358s] Level 1:colcon.colcon_core.environment:checking '/home/hyper_engine/uros_ws/install/micro_ros_agent/bin'
[50.358s] Level 1:colcon.colcon_core.environment:checking '/home/hyper_engine/uros_ws/install/micro_ros_agent/lib/pkgconfig/micro_ros_agent.pc'
[50.358s] Level 1:colcon.colcon_core.environment:checking '/home/hyper_engine/uros_ws/install/micro_ros_agent/lib/python3.10/site-packages'
[50.358s] Level 1:colcon.colcon_core.environment:checking '/home/hyper_engine/uros_ws/install/micro_ros_agent/bin'
[50.359s] INFO:colcon.colcon_core.shell:Creating package script '/home/hyper_engine/uros_ws/install/micro_ros_agent/share/micro_ros_agent/package.ps1'
[50.359s] INFO:colcon.colcon_core.shell:Creating package descriptor '/home/hyper_engine/uros_ws/install/micro_ros_agent/share/micro_ros_agent/package.dsv'
[50.359s] INFO:colcon.colcon_core.shell:Creating package script '/home/hyper_engine/uros_ws/install/micro_ros_agent/share/micro_ros_agent/package.sh'
[50.360s] INFO:colcon.colcon_core.shell:Creating package script '/home/hyper_engine/uros_ws/install/micro_ros_agent/share/micro_ros_agent/package.bash'
[50.360s] INFO:colcon.colcon_core.shell:Creating package script '/home/hyper_engine/uros_ws/install/micro_ros_agent/share/micro_ros_agent/package.zsh'
[50.361s] Level 1:colcon.colcon_core.environment:create_file_with_runtime_dependencies(/home/hyper_engine/uros_ws/install/micro_ros_agent/share/colcon-core/packages/micro_ros_agent)
[50.361s] DEBUG:colcon.colcon_parallel_executor.executor.parallel:closing loop
[50.361s] DEBUG:colcon.colcon_parallel_executor.executor.parallel:loop closed
[50.361s] DEBUG:colcon.colcon_parallel_executor.executor.parallel:run_until_complete finished with '0'
[50.361s] DEBUG:colcon.colcon_core.event_reactor:joining thread
[50.366s] INFO:colcon.colcon_core.plugin_system:Skipping extension 'colcon_notification.desktop_notification.terminal_notifier': Not used on non-Darwin systems
[50.366s] INFO:colcon.colcon_core.plugin_system:Skipping extension 'colcon_notification.desktop_notification.win32': Not used on non-Windows systems
[50.366s] INFO:colcon.colcon_notification.desktop_notification:Sending desktop notification using 'notify2'
[50.376s] DEBUG:colcon.colcon_core.event_reactor:joined thread
[50.376s] INFO:colcon.colcon_core.shell:Creating prefix script '/home/hyper_engine/uros_ws/install/local_setup.ps1'
[50.377s] INFO:colcon.colcon_core.shell:Creating prefix util module '/home/hyper_engine/uros_ws/install/_local_setup_util_ps1.py'
[50.378s] INFO:colcon.colcon_core.shell:Creating prefix chain script '/home/hyper_engine/uros_ws/install/setup.ps1'
[50.379s] INFO:colcon.colcon_core.shell:Creating prefix script '/home/hyper_engine/uros_ws/install/local_setup.sh'
[50.380s] INFO:colcon.colcon_core.shell:Creating prefix util module '/home/hyper_engine/uros_ws/install/_local_setup_util_sh.py'
[50.381s] INFO:colcon.colcon_core.shell:Creating prefix chain script '/home/hyper_engine/uros_ws/install/setup.sh'
[50.382s] INFO:colcon.colcon_core.shell:Creating prefix script '/home/hyper_engine/uros_ws/install/local_setup.bash'
[50.382s] INFO:colcon.colcon_core.shell:Creating prefix chain script '/home/hyper_engine/uros_ws/install/setup.bash'
[50.383s] INFO:colcon.colcon_core.shell:Creating prefix script '/home/hyper_engine/uros_ws/install/local_setup.zsh'
[50.384s] INFO:colcon.colcon_core.shell:Creating prefix chain script '/home/hyper_engine/uros_ws/install/setup.zsh'
